Component: ARM Compiler 5.06 update 7 (build 960) Tool: armlink [4d3601]

==============================================================================

Section Cross References

    startup_stm32g474xx.o(RESET) refers to startup_stm32g474xx.o(STACK) for __initial_sp
    startup_stm32g474xx.o(RESET) refers to startup_stm32g474xx.o(.text) for Reset_Handler
    startup_stm32g474xx.o(RESET) refers to stm32g4xx_it.o(i.NMI_Handler) for NMI_Handler
    startup_stm32g474xx.o(RESET) refers to stm32g4xx_it.o(i.HardFault_Handler) for HardFault_Handler
    startup_stm32g474xx.o(RESET) refers to stm32g4xx_it.o(i.MemManage_Handler) for MemManage_Handler
    startup_stm32g474xx.o(RESET) refers to stm32g4xx_it.o(i.BusFault_Handler) for BusFault_Handler
    startup_stm32g474xx.o(RESET) refers to stm32g4xx_it.o(i.UsageFault_Handler) for UsageFault_Handler
    startup_stm32g474xx.o(RESET) refers to stm32g4xx_it.o(i.SVC_Handler) for SVC_Handler
    startup_stm32g474xx.o(RESET) refers to stm32g4xx_it.o(i.DebugMon_Handler) for DebugMon_Handler
    startup_stm32g474xx.o(RESET) refers to stm32g4xx_it.o(i.PendSV_Handler) for PendSV_Handler
    startup_stm32g474xx.o(RESET) refers to stm32g4xx_it.o(i.SysTick_Handler) for SysTick_Handler
    startup_stm32g474xx.o(RESET) refers to stm32g4xx_it.o(i.USART1_IRQHandler) for USART1_IRQHandler
    startup_stm32g474xx.o(.text) refers to system_stm32g4xx.o(i.SystemInit) for SystemInit
    startup_stm32g474xx.o(.text) refers to entry.o(.ARM.Collect$$$$00000000) for __main
    main.o(i.MX_GPIO_Init) refers to main.o(i.LL_AHB2_GRP1_EnableClock) for LL_AHB2_GRP1_EnableClock
    main.o(i.MX_GPIO_Init) refers to memseta.o(.text) for __aeabi_memclr4
    main.o(i.MX_GPIO_Init) refers to stm32g4xx_ll_gpio.o(i.LL_GPIO_Init) for LL_GPIO_Init
    main.o(i.MX_SPI1_Init) refers to memseta.o(.text) for __aeabi_memclr4
    main.o(i.MX_SPI1_Init) refers to main.o(i.LL_APB2_GRP1_EnableClock) for LL_APB2_GRP1_EnableClock
    main.o(i.MX_SPI1_Init) refers to main.o(i.LL_AHB2_GRP1_EnableClock) for LL_AHB2_GRP1_EnableClock
    main.o(i.MX_SPI1_Init) refers to stm32g4xx_ll_gpio.o(i.LL_GPIO_Init) for LL_GPIO_Init
    main.o(i.MX_SPI1_Init) refers to stm32g4xx_ll_spi.o(i.LL_SPI_Init) for LL_SPI_Init
    main.o(i.MX_SPI2_Init) refers to memseta.o(.text) for __aeabi_memclr4
    main.o(i.MX_SPI2_Init) refers to main.o(i.LL_APB1_GRP1_EnableClock) for LL_APB1_GRP1_EnableClock
    main.o(i.MX_SPI2_Init) refers to main.o(i.LL_AHB2_GRP1_EnableClock) for LL_AHB2_GRP1_EnableClock
    main.o(i.MX_SPI2_Init) refers to stm32g4xx_ll_gpio.o(i.LL_GPIO_Init) for LL_GPIO_Init
    main.o(i.MX_SPI2_Init) refers to stm32g4xx_ll_spi.o(i.LL_SPI_Init) for LL_SPI_Init
    main.o(i.MX_USART1_UART_Init) refers to memseta.o(.text) for __aeabi_memclr4
    main.o(i.MX_USART1_UART_Init) refers to main.o(i.LL_APB2_GRP1_EnableClock) for LL_APB2_GRP1_EnableClock
    main.o(i.MX_USART1_UART_Init) refers to main.o(i.LL_AHB2_GRP1_EnableClock) for LL_AHB2_GRP1_EnableClock
    main.o(i.MX_USART1_UART_Init) refers to stm32g4xx_ll_gpio.o(i.LL_GPIO_Init) for LL_GPIO_Init
    main.o(i.MX_USART1_UART_Init) refers to stm32g4xx_ll_usart.o(i.LL_USART_Init) for LL_USART_Init
    main.o(i.MX_USART3_UART_Init) refers to memseta.o(.text) for __aeabi_memclr4
    main.o(i.MX_USART3_UART_Init) refers to main.o(i.LL_APB1_GRP1_EnableClock) for LL_APB1_GRP1_EnableClock
    main.o(i.MX_USART3_UART_Init) refers to main.o(i.LL_AHB2_GRP1_EnableClock) for LL_AHB2_GRP1_EnableClock
    main.o(i.MX_USART3_UART_Init) refers to stm32g4xx_ll_gpio.o(i.LL_GPIO_Init) for LL_GPIO_Init
    main.o(i.MX_USART3_UART_Init) refers to stm32g4xx_ll_usart.o(i.LL_USART_Init) for LL_USART_Init
    main.o(i.SystemClock_Config) refers to main.o(i.LL_RCC_SetAHBPrescaler) for LL_RCC_SetAHBPrescaler
    main.o(i.SystemClock_Config) refers to main.o(i.LL_RCC_GetSysClkSource) for LL_RCC_GetSysClkSource
    main.o(i.SystemClock_Config) refers to stm32g4xx_ll_utils.o(i.LL_SetSystemCoreClock) for LL_SetSystemCoreClock
    main.o(i.main) refers to main.o(i.LL_APB2_GRP1_EnableClock) for LL_APB2_GRP1_EnableClock
    main.o(i.main) refers to main.o(i.LL_APB1_GRP1_EnableClock) for LL_APB1_GRP1_EnableClock
    main.o(i.main) refers to main.o(i.SystemClock_Config) for SystemClock_Config
    main.o(i.main) refers to main.o(i.MX_GPIO_Init) for MX_GPIO_Init
    main.o(i.main) refers to main.o(i.MX_SPI1_Init) for MX_SPI1_Init
    main.o(i.main) refers to main.o(i.MX_SPI2_Init) for MX_SPI2_Init
    main.o(i.main) refers to main.o(i.MX_USART3_UART_Init) for MX_USART3_UART_Init
    main.o(i.main) refers to printf5.o(i.__0printf$5) for __2printf
    main.o(i.main) refers to stm32g4xx_ll_rcc.o(i.LL_RCC_GetSystemClocksFreq) for LL_RCC_GetSystemClocksFreq
    main.o(i.main) refers to main.o(i.LL_RCC_GetSysClkSource) for LL_RCC_GetSysClkSource
    main.o(i.main) refers to main.o(i.FnSPI2RdWr) for FnSPI2RdWr
    main.o(i.main) refers to accmtr.o(i.FnACCMTRConfigPara) for FnACCMTRConfigPara
[...]
    printf4.o(i.__0vprintf$4) refers to printf4.o(i._printf_core) for _printf_core
    printf4.o(i.__0vprintf$4) refers to main.o(i.fputc) for fputc
    printf4.o(i.__0vprintf$4) refers to stdout.o(.data) for __stdout
    printf4.o(i.__0vsnprintf$4) refers to printf4.o(i._printf_core) for _printf_core
    printf4.o(i.__0vsnprintf$4) refers to printf4.o(i._snputc) for _snputc
    printf4.o(i.__0vsprintf$4) refers to printf4.o(i._printf_core) for _printf_core
    printf4.o(i.__0vsprintf$4) refers to printf4.o(i._sputc) for _sputc
    printf4.o(i._printf_core) refers to uldiv.o(.text) for __aeabi_uldivmod
    printf5.o(i.__0fprintf$5) refers to printf5.o(i._printf_core) for _printf_core
    printf5.o(i.__0fprintf$5) refers to main.o(i.fputc) for fputc
    printf5.o(i.__0printf$5) refers to printf5.o(i._printf_core) for _printf_core
    printf5.o(i.__0printf$5) refers to main.o(i.fputc) for fputc
    printf5.o(i.__0printf$5) refers to stdout.o(.data) for __stdout
    printf5.o(i.__0snprintf$5) refers to printf5.o(i._printf_core) for _printf_core
    printf5.o(i.__0snprintf$5) refers to printf5.o(i._snputc) for _snputc
    printf5.o(i.__0sprintf$5) refers to printf5.o(i._printf_core) for _printf_core
    printf5.o(i.__0sprintf$5) refers to printf5.o(i._sputc) for _sputc
    printf5.o(i.__0vfprintf$5) refers to printf5.o(i._printf_core) for _printf_core
    printf5.o(i.__0vfprintf$5) refers to main.o(i.fputc) for fputc
    printf5.o(i.__0vprintf$5) refers to printf5.o(i._printf_core) for _printf_core
    printf5.o(i.__0vprintf$5) refers to main.o(i.fputc) for fputc
    printf5.o(i.__0vprintf$5) refers to stdout.o(.data) for __stdout
    printf5.o(i.__0vsnprintf$5) refers to printf5.o(i._printf_core) for _printf_core
    printf5.o(i.__0vsnprintf$5) refers to printf5.o(i._snputc) for _snputc
    printf5.o(i.__0vsprintf$5) refers to printf5.o(i._printf_core) for _printf_core
    printf5.o(i.__0vsprintf$5) refers to printf5.o(i._sputc) for _sputc
    printf5.o(i._printf_core) refers to uldiv.o(.text) for __aeabi_uldivmod
    printf6.o(i.__0fprintf$6) refers to printf6.o(i._printf_core) for _printf_core
    printf6.o(i.__0fprintf$6) refers to main.o(i.fputc) for fputc
    printf6.o(i.__0printf$6) refers to printf6.o(i._printf_core) for _printf_core
    printf6.o(i.__0printf$6) refers to main.o(i.fputc) for fputc
    printf6.o(i.__0printf$6) refers to stdout.o(.data) for __stdout
    printf6.o(i.__0snprintf$6) refers to printf6.o(i._printf_core) for _printf_core
    printf6.o(i.__0snprintf$6) refers to printf6.o(i._snputc) for _snputc
    printf6.o(i.__0sprintf$6) refers to printf6.o(i._printf_core) for _printf_core
    printf6.o(i.__0sprintf$6) refers to printf6.o(i._sputc) for _sputc
    printf6.o(i.__0vfprintf$6) refers to printf6.o(i._printf_core) for _printf_core
    printf6.o(i.__0vfprintf$6) refers to main.o(i.fputc) for fputc
    printf6.o(i.__0vprintf$6) refers to printf6.o(i._printf_core) for _printf_core
    printf6.o(i.__0vprintf$6) refers to main.o(i.fputc) for fputc
    printf6.o(i.__0vprintf$6) refers to stdout.o(.data) for __stdout
    printf6.o(i.__0vsnprintf$6) refers to printf6.o(i._printf_core) for _printf_core
    printf6.o(i.__0vsnprintf$6) refers to printf6.o(i._snputc) for _snputc
    printf6.o(i.__0vsprintf$6) refers to printf6.o(i._printf_core) for _printf_core
    printf6.o(i.__0vsprintf$6) refers to printf6.o(i._sputc) for _sputc
    printf6.o(i._printf_core) refers to printf6.o(i._printf_pre_padding) for _printf_pre_padding
    printf6.o(i._printf_core) refers to uidiv.o(.text) for __aeabi_uidivmod
    printf6.o(i._printf_core) refers to printf6.o(i._printf_post_padding) for _printf_post_padding
    printf7.o(i.__0fprintf$7) refers to printf7.o(i._printf_core) for _printf_core
    printf7.o(i.__0fprintf$7) refers to main.o(i.fputc) for fputc
    printf7.o(i.__0printf$7) refers to printf7.o(i._printf_core) for _printf_core
    printf7.o(i.__0printf$7) refers to main.o(i.fputc) for fputc
    printf7.o(i.__0printf$7) refers to stdout.o(.data) for __stdout
    printf7.o(i.__0snprintf$7) refers to printf7.o(i._printf_core) for _printf_core
    printf7.o(i.__0snprintf$7) refers to printf7.o(i._snputc) for _snputc
    printf7.o(i.__0sprintf$7) refers to printf7.o(i._printf_core) for _printf_core
    printf7.o(i.__0sprintf$7) refers to printf7.o(i._sputc) for _sputc
    printf7.o(i.__0vfprintf$7) refers to printf7.o(i._printf_core) for _printf_core
    printf7.o(i.__0vfprintf$7) refers to main.o(i.fputc) for fputc
    printf7.o(i.__0vprintf$7) refers to printf7.o(i._printf_core) for _printf_core
    printf7.o(i.__0vprintf$7) refers to main.o(i.fputc) for fputc
    printf7.o(i.__0vprintf$7) refers to stdout.o(.data) for __stdout
    printf7.o(i.__0vsnprintf$7) refers to printf7.o(i._printf_core) for _printf_core
    printf7.o(i.__0vsnprintf$7) refers to printf7.o(i._snputc) for _snputc
    printf7.o(i.__0vsprintf$7) refers to printf7.o(i._printf_core) for _printf_core
    printf7.o(i.__0vsprintf$7) refers to printf7.o(i._sputc) for _sputc
    printf7.o(i._printf_core) refers to printf7.o(i._printf_pre_padding) for _printf_pre_padding
    printf7.o(i._printf_core) refers to uldiv.o(.text) for __aeabi_uldivmod
    printf7.o(i._printf_core) refers to printf7.o(i._printf_post_padding) for _printf_post_padding
    printf8.o(i.__0fprintf$8) refers to printf8.o(i._printf_core) for _printf_core
    printf8.o(i.__0fprintf$8) refers to main.o(i.fputc) for fputc
    printf8.o(i.__0printf$8) refers to printf8.o(i._printf_core) for _printf_core
    printf8.o(i.__0printf$8) refers to main.o(i.fputc) for fputc
    printf8.o(i.__0printf$8) refers to stdout.o(.data) for __stdout
    printf8.o(i.__0snprintf$8) refers to printf8.o(i._printf_core) for _printf_core
    printf8.o(i.__0snprintf$8) refers to printf8.o(i._snputc) for _snputc
    printf8.o(i.__0sprintf$8) refers to printf8.o(i._printf_core) for _printf_core
    printf8.o(i.__0sprintf$8) refers to printf8.o(i._sputc) for _sputc
    printf8.o(i.__0vfprintf$8) refers to printf8.o(i._printf_core) for _printf_core
    printf8.o(i.__0vfprintf$8) refers to main.o(i.fputc) for fputc
    printf8.o(i.__0vprintf$8) refers to printf8.o(i._printf_core) for _printf_core
    printf8.o(i.__0vprintf$8) refers to main.o(i.fputc) for fputc
    printf8.o(i.__0vprintf$8) refers to stdout.o(.data) for __stdout
    printf8.o(i.__0vsnprintf$8) refers to printf8.o(i._printf_core) for _printf_core
    printf8.o(i.__0vsnprintf$8) refers to printf8.o(i._snputc) for _snputc
    printf8.o(i.__0vsprintf$8) refers to printf8.o(i._printf_core) for _printf_core
    printf8.o(i.__0vsprintf$8) refers to printf8.o(i._sputc) for _sputc
    printf8.o(i._printf_core) refers to printf8.o(i._printf_pre_padding) for _printf_pre_padding
    printf8.o(i._printf_core) refers to uldiv.o(.text) for __aeabi_uldivmod
    printf8.o(i._printf_core) refers to printf8.o(i._printf_post_padding) for _printf_post_padding
    printfa.o(i.__0fprintf) refers (Special) to iusefp.o(.text) for __I$use$fp
    printfa.o(i.__0fprintf) refers to printfa.o(i._printf_core) for _printf_core
    printfa.o(i.__0fprintf) refers to main.o(i.fputc) for fputc
    printfa.o(i.__0printf) refers (Special) to iusefp.o(.text) for __I$use$fp
    printfa.o(i.__0printf) refers to printfa.o(i._printf_core) for _printf_core
    printfa.o(i.__0printf) refers to main.o(i.fputc) for fputc
    printfa.o(i.__0printf) refers to stdout.o(.data) for __stdout
    printfa.o(i.__0snprintf) refers (Special) to iusefp.o(.text) for __I$use$fp
    printfa.o(i.__0snprintf) refers to printfa.o(i._printf_core) for _printf_core
    printfa.o(i.__0snprintf) refers to printfa.o(i._snputc) for _snputc
    printfa.o(i.__0sprintf) refers (Special) to iusefp.o(.text) for __I$use$fp
    printfa.o(i.__0sprintf) refers to printfa.o(i._printf_core) for _printf_core
    printfa.o(i.__0sprintf) refers to printfa.o(i._sputc) for _sputc
    printfa.o(i.__0vfprintf) refers (Special) to iusefp.o(.text) for __I$use$fp
    printfa.o(i.__0vfprintf) refers to printfa.o(i._printf_core) for _printf_core
    printfa.o(i.__0vfprintf) refers to main.o(i.fputc) for fputc
    printfa.o(i.__0vprintf) refers (Special) to iusefp.o(.text) for __I$use$fp
    printfa.o(i.__0vprintf) refers to printfa.o(i._printf_core) for _printf_core
    printfa.o(i.__0vprintf) refers to main.o(i.fputc) for fputc
    printfa.o(i.__0vprintf) refers to stdout.o(.data) for __stdout
    printfa.o(i.__0vsnprintf) refers (Special) to iusefp.o(.text) for __I$use$fp
    printfa.o(i.__0vsnprintf) refers to printfa.o(i._printf_core) for _printf_core
    printfa.o(i.__0vsnprintf) refers to printfa.o(i._snputc) for _snputc
    printfa.o(i.__0vsprintf) refers (Special) to iusefp.o(.text) for __I$use$fp
    printfa.o(i.__0vsprintf) refers to printfa.o(i._printf_core) for _printf_core
    printfa.o(i.__0vsprintf) refers to printfa.o(i._sputc) for _sputc
    printfa.o(i._fp_digits) refers (Special) to iusefp.o(.text) for __I$use$fp
    printfa.o(i._fp_digits) refers to dmul.o(.text) for __aeabi_dmul
    printfa.o(i._fp_digits) refers to ddiv.o(.text) for __aeabi_ddiv
    printfa.o(i._fp_digits) refers to cdrcmple.o(.text) for __aeabi_cdrcmple
    printfa.o(i._fp_digits) refers to dadd.o(.text) for __aeabi_dadd
    printfa.o(i._fp_digits) refers to dfixul.o(.text) for __aeabi_d2ulz
    printfa.o(i._fp_digits) refers to uldiv.o(.text) for __aeabi_uldivmod
    printfa.o(i._printf_core) refers (Special) to iusefp.o(.text) for __I$use$fp
    printfa.o(i._printf_core) refers to printfa.o(i._printf_pre_padding) for _printf_pre_padding
    printfa.o(i._printf_core) refers to uldiv.o(.text) for __aeabi_uldivmod
    printfa.o(i._printf_core) refers to printfa.o(i._printf_post_padding) for _printf_post_padding
    printfa.o(i._printf_core) refers to printfa.o(i._fp_digits) for _fp_digits
    printfa.o(i._printf_core) refers to uidiv.o(.text) for __aeabi_uidivmod
    printfa.o(i._printf_post_padding) refers (Special) to iusefp.o(.text) for __I$use$fp
    printfa.o(i._printf_pre_padding) refers (Special) to iusefp.o(.text) for __I$use$fp
    printfa.o(i._snputc) refers (Special) to iusefp.o(.text) for __I$use$fp
    printfa.o(i._sputc) refers (Special) to iusefp.o(.text) for __I$use$fp
    entry2.o(.ARM.Collect$$$$00000001) refers to entry2.o(.ARM.Collect$$$$00002712) for __lit__00000000
    entry2.o(.ARM.Collect$$$$00002712) refers to startup_stm32g474xx.o(STACK) for __initial_sp
    entry2.o(__vectab_stack_and_reset_area) refers to startup_stm32g474xx.o(STACK) for __initial_sp
    entry2.o(__vectab_stack_and_reset_area) refers to entry.o(.ARM.Collect$$$$00000000) for __main
    entry5.o(.ARM.Collect$$$$00000004) refers to init.o(.text) for __scatterload
    entry9a.o(.ARM.Collect$$$$0000000B) refers to main.o(i.main) for main
    entry9b.o(.ARM.Collect$$$$0000000C) refers to main.o(i.main) for main
    uldiv.o(.text) refers to llushr.o(.text) for __aeabi_llsr
    uldiv.o(.text) refers to llshl.o(.text) for __aeabi_llsl
    dadd.o(.text) refers to llshl.o(.text) for __aeabi_llsl
    dadd.o(.text) refers to llsshr.o(.text) for __aeabi_lasr
    dadd.o(.text) refers to depilogue.o(.text) for _double_epilogue
    dmul.o(.text) refers to depilogue.o(.text) for _double_epilogue
    ddiv.o(.text) refers to depilogue.o(.text) for _double_round
    dfixul.o(.text) refers to llushr.o(.text) for __aeabi_llsr
    dfixul.o(.text) refers to llshl.o(.text) for __aeabi_llsl
    init.o(.text) refers to entry5.o(.ARM.Collect$$$$00000004) for __main_after_scatterload
    depilogue.o(.text) refers to llshl.o(.text) for __aeabi_llsl
    depilogue.o(.text) refers to llushr.o(.text) for __aeabi_llsr


==============================================================================

Removing Unused input sections from the image.

    Removing startup_stm32g474xx.o(HEAP), (512 bytes).
    Removing main.o(.rev16_text), (4 bytes).
    Removing main.o(.revsh_text), (4 bytes).
    Removing main.o(.rrx_text), (6 bytes).
    Removing main.o(i.Error_Handler), (4 bytes).
    Removing main.o(i.FnSPI1RdWr), (32 bytes).
    Removing main.o(i.MX_USART1_UART_Init), (312 bytes).
    Removing stm32g4xx_it.o(.rev16_text), (4 bytes).
    Removing stm32g4xx_it.o(.revsh_text), (4 bytes).
    Removing stm32g4xx_it.o(.rrx_text), (6 bytes).
    Removing accmtr.o(.rev16_text), (4 bytes).
    Removing accmtr.o(.revsh_text), (4 bytes).
    Removing accmtr.o(.rrx_text), (6 bytes).
    Removing accmtr.o(i.FnACCMTRI2CInit), (2 bytes).
    Removing accmtr.o(i.FnACCMTRScanAndRead), (952 bytes).
    Removing accmtr.o(i.FnCheckAccelerometerEvent), (56 bytes).
    Removing lsm6dsl_reg.o(i.lsm6dsl_4d_mode_get), (24 bytes).
    Removing lsm6dsl_reg.o(i.lsm6dsl_4d_mode_set), (46 bytes).
    Removing lsm6dsl_reg.o(i.lsm6dsl_6d_feed_data_get), (36 bytes).
    Removing lsm6dsl_reg.o(i.lsm6dsl_6d_feed_data_set), (46 bytes).
    Removing lsm6dsl_reg.o(i.lsm6dsl_6d_threshold_get), (42 bytes).
    Removing lsm6dsl_reg.o(i.lsm6dsl_6d_threshold_set), (46 bytes).
    Removing lsm6dsl_reg.o(i.lsm6dsl_acceleration_raw_get), (10 bytes).
    Removing lsm6dsl_reg.o(i.lsm6dsl_act_mode_get), (42 bytes).
    Removing lsm6dsl_reg.o(i.lsm6dsl_act_mode_set), (46 bytes).
    Removing lsm6dsl_reg.o(i.lsm6dsl_act_sleep_dur_get), (26 bytes).
    Removing lsm6dsl_reg.o(i.lsm6dsl_act_sleep_dur_set), (46 bytes).
    Removing lsm6dsl_reg.o(i.lsm6dsl_all_on_int1_get), (26 bytes).
    Removing lsm6dsl_reg.o(i.lsm6dsl_all_on_int1_set), (46 bytes).
    Removing lsm6dsl_reg.o(i.lsm6dsl_all_sources_get), (78 bytes).
    Removing lsm6dsl_reg.o(i.lsm6dsl_angular_rate_raw_get), (10 bytes).
    Removing lsm6dsl_reg.o(i.lsm6dsl_auto_increment_get), (26 bytes).
    Removing lsm6dsl_reg.o(i.lsm6dsl_auto_increment_set), (46 bytes).
    Removing lsm6dsl_reg.o(i.lsm6dsl_block_data_update_get), (26 bytes).
    Removing lsm6dsl_reg.o(i.lsm6dsl_boot_get), (24 bytes).
    Removing lsm6dsl_reg.o(i.lsm6dsl_boot_set), (46 bytes).
    Removing lsm6dsl_reg.o(i.lsm6dsl_data_format_get), (36 bytes).
    Removing lsm6dsl_reg.o(i.lsm6dsl_data_format_set), (46 bytes).
    Removing lsm6dsl_reg.o(i.lsm6dsl_data_ready_mode_get), (34 bytes).
    Removing lsm6dsl_reg.o(i.lsm6dsl_data_ready_mode_set), (46 bytes).
    Removing lsm6dsl_reg.o(i.lsm6dsl_den_enable_get), (68 bytes).
    Removing lsm6dsl_reg.o(i.lsm6dsl_den_enable_set), (92 bytes).
    Removing lsm6dsl_reg.o(i.lsm6dsl_den_mark_axis_x_get), (24 bytes).
    Removing lsm6dsl_reg.o(i.lsm6dsl_den_mark_axis_x_set), (46 bytes).
    Removing lsm6dsl_reg.o(i.lsm6dsl_den_mark_axis_y_get), (26 bytes).
    Removing lsm6dsl_reg.o(i.lsm6dsl_den_mark_axis_y_set), (46 bytes).
    Removing lsm6dsl_reg.o(i.lsm6dsl_den_mark_axis_z_get), (26 bytes).
    Removing lsm6dsl_reg.o(i.lsm6dsl_den_mark_axis_z_set), (46 bytes).
    Removing lsm6dsl_reg.o(i.lsm6dsl_den_mode_get), (40 bytes).
    Removing lsm6dsl_reg.o(i.lsm6dsl_den_mode_set), (46 bytes).
    Removing lsm6dsl_reg.o(i.lsm6dsl_den_polarity_get), (36 bytes).
    Removing lsm6dsl_reg.o(i.lsm6dsl_den_polarity_set), (46 bytes).
    Removing lsm6dsl_reg.o(i.lsm6dsl_ff_dur_get), (34 bytes).
    Removing lsm6dsl_reg.o(i.lsm6dsl_ff_dur_set), (92 bytes).
    Removing lsm6dsl_reg.o(i.lsm6dsl_ff_threshold_get), (76 bytes).
    Removing lsm6dsl_reg.o(i.lsm6dsl_ff_threshold_set), (46 bytes).
    Removing lsm6dsl_reg.o(i.lsm6dsl_fifo_data_level_get), (34 bytes).
    Removing lsm6dsl_reg.o(i.lsm6dsl_fifo_data_rate_get), (92 bytes).
    Removing lsm6dsl_reg.o(i.lsm6dsl_fifo_data_rate_set), (46 bytes).
    Removing lsm6dsl_reg.o(i.lsm6dsl_fifo_dataset_3_batch_get), (76 bytes).
    Removing lsm6dsl_reg.o(i.lsm6dsl_fifo_dataset_3_batch_set), (46 bytes).
    Removing lsm6dsl_reg.o(i.lsm6dsl_fifo_dataset_4_batch_get), (76 bytes).
    Removing lsm6dsl_reg.o(i.lsm6dsl_fifo_dataset_4_batch_set), (46 bytes).
    Removing lsm6dsl_reg.o(i.lsm6dsl_fifo_gy_batch_get), (76 bytes).
    Removing lsm6dsl_reg.o(i.lsm6dsl_fifo_gy_batch_set), (46 bytes).
    Removing lsm6dsl_reg.o(i.lsm6dsl_fifo_mode_get), (64 bytes).
    Removing lsm6dsl_reg.o(i.lsm6dsl_fifo_mode_set), (46 bytes).
    Removing lsm6dsl_reg.o(i.lsm6dsl_fifo_pattern_get), (34 bytes).
    Removing lsm6dsl_reg.o(i.lsm6dsl_fifo_pedo_and_timestamp_batch_get), (24 bytes).
    Removing lsm6dsl_reg.o(i.lsm6dsl_fifo_pedo_and_timestamp_batch_set), (46 bytes).
    Removing lsm6dsl_reg.o(i.lsm6dsl_fifo_raw_data_get), (10 bytes).
    Removing lsm6dsl_reg.o(i.lsm6dsl_fifo_stop_on_wtm_get), (24 bytes).
    Removing lsm6dsl_reg.o(i.lsm6dsl_fifo_stop_on_wtm_set), (46 bytes).
    Removing lsm6dsl_reg.o(i.lsm6dsl_fifo_temp_batch_get), (26 bytes).
    Removing lsm6dsl_reg.o(i.lsm6dsl_fifo_temp_batch_set), (46 bytes).
    Removing lsm6dsl_reg.o(i.lsm6dsl_fifo_watermark_get), (34 bytes).
    Removing lsm6dsl_reg.o(i.lsm6dsl_fifo_watermark_set), (54 bytes).
    Removing lsm6dsl_reg.o(i.lsm6dsl_fifo_write_trigger_get), (70 bytes).
    Removing lsm6dsl_reg.o(i.lsm6dsl_fifo_write_trigger_set), (92 bytes).
    Removing lsm6dsl_reg.o(i.lsm6dsl_fifo_wtm_flag_get), (24 bytes).
    Removing lsm6dsl_reg.o(i.lsm6dsl_fifo_xl_batch_get), (76 bytes).
    Removing lsm6dsl_reg.o(i.lsm6dsl_fifo_xl_batch_set), (46 bytes).
    Removing lsm6dsl_reg.o(i.lsm6dsl_fifo_xl_gy_8bit_format_get), (26 bytes).
    Removing lsm6dsl_reg.o(i.lsm6dsl_fifo_xl_gy_8bit_format_set), (46 bytes).
    Removing lsm6dsl_reg.o(i.lsm6dsl_filter_settling_mask_get), (26 bytes).
    Removing lsm6dsl_reg.o(i.lsm6dsl_filter_settling_mask_set), (46 bytes).
    Removing lsm6dsl_reg.o(i.lsm6dsl_func_en_set), (46 bytes).
    Removing lsm6dsl_reg.o(i.lsm6dsl_gy_band_pass_get), (156 bytes).
    Removing lsm6dsl_reg.o(i.lsm6dsl_gy_data_rate_get), (90 bytes).
    Removing lsm6dsl_reg.o(i.lsm6dsl_gy_flag_data_ready_get), (26 bytes).
    Removing lsm6dsl_reg.o(i.lsm6dsl_gy_full_scale_get), (64 bytes).
    Removing lsm6dsl_reg.o(i.lsm6dsl_gy_power_mode_get), (34 bytes).
    Removing lsm6dsl_reg.o(i.lsm6dsl_gy_power_mode_set), (46 bytes).
    Removing lsm6dsl_reg.o(i.lsm6dsl_gy_self_test_get), (38 bytes).
    Removing lsm6dsl_reg.o(i.lsm6dsl_gy_self_test_set), (46 bytes).
    Removing lsm6dsl_reg.o(i.lsm6dsl_gy_sleep_mode_get), (26 bytes).
    Removing lsm6dsl_reg.o(i.lsm6dsl_gy_sleep_mode_set), (46 bytes).
    Removing lsm6dsl_reg.o(i.lsm6dsl_i2c_interface_get), (36 bytes).
    Removing lsm6dsl_reg.o(i.lsm6dsl_i2c_interface_set), (46 bytes).
    Removing lsm6dsl_reg.o(i.lsm6dsl_int_notification_get), (36 bytes).
    Removing lsm6dsl_reg.o(i.lsm6dsl_int_notification_set), (46 bytes).
    Removing lsm6dsl_reg.o(i.lsm6dsl_mag_calibrated_raw_get), (10 bytes).
    Removing lsm6dsl_reg.o(i.lsm6dsl_mag_hard_iron_get), (26 bytes).
    Removing lsm6dsl_reg.o(i.lsm6dsl_mag_hard_iron_set), (92 bytes).
    Removing lsm6dsl_reg.o(i.lsm6dsl_mag_offset_get), (46 bytes).
    Removing lsm6dsl_reg.o(i.lsm6dsl_mag_offset_set), (46 bytes).
    Removing lsm6dsl_reg.o(i.lsm6dsl_mag_soft_iron_get), (26 bytes).
    Removing lsm6dsl_reg.o(i.lsm6dsl_mag_soft_iron_mat_get), (46 bytes).
    Removing lsm6dsl_reg.o(i.lsm6dsl_mag_soft_iron_mat_set), (46 bytes).
    Removing lsm6dsl_reg.o(i.lsm6dsl_mag_soft_iron_set), (46 bytes).
    Removing lsm6dsl_reg.o(i.lsm6dsl_mem_bank_get), (32 bytes).
    Removing lsm6dsl_reg.o(i.lsm6dsl_mem_bank_set), (46 bytes).
    Removing lsm6dsl_reg.o(i.lsm6dsl_motion_sens_get), (26 bytes).
    Removing lsm6dsl_reg.o(i.lsm6dsl_motion_sens_set), (58 bytes).
    Removing lsm6dsl_reg.o(i.lsm6dsl_motion_threshold_get), (46 bytes).
    Removing lsm6dsl_reg.o(i.lsm6dsl_motion_threshold_set), (46 bytes).
    Removing lsm6dsl_reg.o(i.lsm6dsl_pedo_debounce_steps_get), (52 bytes).
    Removing lsm6dsl_reg.o(i.lsm6dsl_pedo_debounce_steps_set), (70 bytes).
    Removing lsm6dsl_reg.o(i.lsm6dsl_pedo_full_scale_get), (60 bytes).
    Removing lsm6dsl_reg.o(i.lsm6dsl_pedo_full_scale_set), (70 bytes).
    Removing lsm6dsl_reg.o(i.lsm6dsl_pedo_sens_get), (26 bytes).
    Removing lsm6dsl_reg.o(i.lsm6dsl_pedo_sens_set), (56 bytes).
    Removing lsm6dsl_reg.o(i.lsm6dsl_pedo_step_reset_get), (26 bytes).
    Removing lsm6dsl_reg.o(i.lsm6dsl_pedo_step_reset_set), (46 bytes).
    Removing lsm6dsl_reg.o(i.lsm6dsl_pedo_steps_period_get), (46 bytes).
    Removing lsm6dsl_reg.o(i.lsm6dsl_pedo_steps_period_set), (46 bytes).
    Removing lsm6dsl_reg.o(i.lsm6dsl_pedo_threshold_get), (52 bytes).
    Removing lsm6dsl_reg.o(i.lsm6dsl_pedo_threshold_set), (70 bytes).
    Removing lsm6dsl_reg.o(i.lsm6dsl_pedo_timeout_get), (50 bytes).
    Removing lsm6dsl_reg.o(i.lsm6dsl_pedo_timeout_set), (70 bytes).
    Removing lsm6dsl_reg.o(i.lsm6dsl_pin_int1_route_get), (244 bytes).
    Removing lsm6dsl_reg.o(i.lsm6dsl_pin_int1_route_set), (348 bytes).
    Removing lsm6dsl_reg.o(i.lsm6dsl_pin_int2_route_get), (210 bytes).
    Removing lsm6dsl_reg.o(i.lsm6dsl_pin_int2_route_set), (306 bytes).
    Removing lsm6dsl_reg.o(i.lsm6dsl_pin_mode_get), (36 bytes).
    Removing lsm6dsl_reg.o(i.lsm6dsl_pin_mode_set), (46 bytes).
    Removing lsm6dsl_reg.o(i.lsm6dsl_pin_polarity_get), (36 bytes).
    Removing lsm6dsl_reg.o(i.lsm6dsl_pin_polarity_set), (46 bytes).
    Removing lsm6dsl_reg.o(i.lsm6dsl_rounding_mode_get), (74 bytes).
    Removing lsm6dsl_reg.o(i.lsm6dsl_rounding_mode_set), (46 bytes).
    Removing lsm6dsl_reg.o(i.lsm6dsl_rounding_on_status_get), (36 bytes).
    Removing lsm6dsl_reg.o(i.lsm6dsl_rounding_on_status_set), (46 bytes).
    Removing lsm6dsl_reg.o(i.lsm6dsl_sh_cfg_write), (84 bytes).
    Removing lsm6dsl_reg.o(i.lsm6dsl_sh_cmd_sens_sync_get), (22 bytes).
    Removing lsm6dsl_reg.o(i.lsm6dsl_sh_cmd_sens_sync_set), (38 bytes).
    Removing lsm6dsl_reg.o(i.lsm6dsl_sh_drdy_on_int1_get), (24 bytes).
    Removing lsm6dsl_reg.o(i.lsm6dsl_sh_drdy_on_int1_set), (46 bytes).
    Removing lsm6dsl_reg.o(i.lsm6dsl_sh_master_get), (26 bytes).
    Removing lsm6dsl_reg.o(i.lsm6dsl_sh_master_set), (46 bytes).
    Removing lsm6dsl_reg.o(i.lsm6dsl_sh_num_of_dev_connected_get), (68 bytes).
    Removing lsm6dsl_reg.o(i.lsm6dsl_sh_num_of_dev_connected_set), (70 bytes).
    Removing lsm6dsl_reg.o(i.lsm6dsl_sh_pass_through_get), (26 bytes).
    Removing lsm6dsl_reg.o(i.lsm6dsl_sh_pass_through_set), (46 bytes).
    Removing lsm6dsl_reg.o(i.lsm6dsl_sh_pin_mode_get), (36 bytes).
    Removing lsm6dsl_reg.o(i.lsm6dsl_sh_pin_mode_set), (46 bytes).
    Removing lsm6dsl_reg.o(i.lsm6dsl_sh_read_data_raw_get), (40 bytes).
    Removing lsm6dsl_reg.o(i.lsm6dsl_sh_slave_0_dec_get), (66 bytes).
    Removing lsm6dsl_reg.o(i.lsm6dsl_sh_slave_0_dec_set), (70 bytes).
    Removing lsm6dsl_reg.o(i.lsm6dsl_sh_slave_1_dec_get), (66 bytes).
    Removing lsm6dsl_reg.o(i.lsm6dsl_sh_slave_1_dec_set), (70 bytes).
    Removing lsm6dsl_reg.o(i.lsm6dsl_sh_slave_2_dec_get), (66 bytes).
    Removing lsm6dsl_reg.o(i.lsm6dsl_sh_slave_2_dec_set), (70 bytes).
    Removing lsm6dsl_reg.o(i.lsm6dsl_sh_slave_3_dec_get), (66 bytes).
    Removing lsm6dsl_reg.o(i.lsm6dsl_sh_slave_3_dec_set), (70 bytes).
    Removing lsm6dsl_reg.o(i.lsm6dsl_sh_slv0_cfg_read), (114 bytes).
    Removing lsm6dsl_reg.o(i.lsm6dsl_sh_slv1_cfg_read), (114 bytes).
    Removing lsm6dsl_reg.o(i.lsm6dsl_sh_slv2_cfg_read), (114 bytes).
    Removing lsm6dsl_reg.o(i.lsm6dsl_sh_slv3_cfg_read), (114 bytes).
    Removing lsm6dsl_reg.o(i.lsm6dsl_sh_spi_sync_error_get), (22 bytes).
    Removing lsm6dsl_reg.o(i.lsm6dsl_sh_spi_sync_error_set), (38 bytes).
    Removing lsm6dsl_reg.o(i.lsm6dsl_sh_sync_sens_frame_get), (26 bytes).
    Removing lsm6dsl_reg.o(i.lsm6dsl_sh_sync_sens_frame_set), (46 bytes).
    Removing lsm6dsl_reg.o(i.lsm6dsl_sh_sync_sens_ratio_get), (42 bytes).
    Removing lsm6dsl_reg.o(i.lsm6dsl_sh_sync_sens_ratio_set), (46 bytes).
    Removing lsm6dsl_reg.o(i.lsm6dsl_sh_syncro_mode_get), (36 bytes).
    Removing lsm6dsl_reg.o(i.lsm6dsl_sh_syncro_mode_set), (46 bytes).
    Removing lsm6dsl_reg.o(i.lsm6dsl_sh_write_mode_get), (62 bytes).
    Removing lsm6dsl_reg.o(i.lsm6dsl_sh_write_mode_set), (70 bytes).
    Removing lsm6dsl_reg.o(i.lsm6dsl_spi_mode_get), (36 bytes).
    Removing lsm6dsl_reg.o(i.lsm6dsl_spi_mode_set), (46 bytes).
    Removing lsm6dsl_reg.o(i.lsm6dsl_status_reg_get), (10 bytes).
    Removing lsm6dsl_reg.o(i.lsm6dsl_tap_detection_on_x_get), (26 bytes).
    Removing lsm6dsl_reg.o(i.lsm6dsl_tap_detection_on_x_set), (46 bytes).
    Removing lsm6dsl_reg.o(i.lsm6dsl_tap_detection_on_y_get), (26 bytes).
    Removing lsm6dsl_reg.o(i.lsm6dsl_tap_detection_on_y_set), (46 bytes).
    Removing lsm6dsl_reg.o(i.lsm6dsl_tap_detection_on_z_get), (26 bytes).
    Removing lsm6dsl_reg.o(i.lsm6dsl_tap_detection_on_z_set), (46 bytes).
    Removing lsm6dsl_reg.o(i.lsm6dsl_tap_dur_get), (24 bytes).
    Removing lsm6dsl_reg.o(i.lsm6dsl_tap_dur_set), (46 bytes).
    Removing lsm6dsl_reg.o(i.lsm6dsl_tap_mode_get), (34 bytes).
    Removing lsm6dsl_reg.o(i.lsm6dsl_tap_mode_set), (46 bytes).
    Removing lsm6dsl_reg.o(i.lsm6dsl_tap_quiet_get), (26 bytes).
    Removing lsm6dsl_reg.o(i.lsm6dsl_tap_quiet_set), (46 bytes).
    Removing lsm6dsl_reg.o(i.lsm6dsl_tap_shock_get), (26 bytes).
    Removing lsm6dsl_reg.o(i.lsm6dsl_tap_shock_set), (46 bytes).
    Removing lsm6dsl_reg.o(i.lsm6dsl_tap_src_get), (10 bytes).
    Removing lsm6dsl_reg.o(i.lsm6dsl_tap_threshold_x_get), (26 bytes).
    Removing lsm6dsl_reg.o(i.lsm6dsl_tap_threshold_x_set), (46 bytes).
    Removing lsm6dsl_reg.o(i.lsm6dsl_temp_flag_data_ready_get), (26 bytes).
    Removing lsm6dsl_reg.o(i.lsm6dsl_temperature_raw_get), (10 bytes).
    Removing lsm6dsl_reg.o(i.lsm6dsl_tilt_latency_get), (46 bytes).
    Removing lsm6dsl_reg.o(i.lsm6dsl_tilt_latency_set), (46 bytes).
    Removing lsm6dsl_reg.o(i.lsm6dsl_tilt_sens_get), (26 bytes).
    Removing lsm6dsl_reg.o(i.lsm6dsl_tilt_sens_set), (56 bytes).
    Removing lsm6dsl_reg.o(i.lsm6dsl_tilt_src_get), (46 bytes).
    Removing lsm6dsl_reg.o(i.lsm6dsl_tilt_src_set), (46 bytes).
    Removing lsm6dsl_reg.o(i.lsm6dsl_tilt_threshold_get), (46 bytes).
    Removing lsm6dsl_reg.o(i.lsm6dsl_tilt_threshold_set), (46 bytes).
    Removing lsm6dsl_reg.o(i.lsm6dsl_timestamp_get), (26 bytes).
    Removing lsm6dsl_reg.o(i.lsm6dsl_timestamp_res_get), (36 bytes).
    Removing lsm6dsl_reg.o(i.lsm6dsl_timestamp_res_set), (46 bytes).
    Removing lsm6dsl_reg.o(i.lsm6dsl_timestamp_set), (58 bytes).
    Removing lsm6dsl_reg.o(i.lsm6dsl_wkup_dur_get), (26 bytes).
    Removing lsm6dsl_reg.o(i.lsm6dsl_wkup_dur_set), (46 bytes).
    Removing lsm6dsl_reg.o(i.lsm6dsl_wkup_threshold_get), (26 bytes).
    Removing lsm6dsl_reg.o(i.lsm6dsl_wkup_threshold_set), (46 bytes).
    Removing lsm6dsl_reg.o(i.lsm6dsl_wrist_tilt_sens_get), (24 bytes).
    Removing lsm6dsl_reg.o(i.lsm6dsl_wrist_tilt_sens_set), (56 bytes).
    Removing lsm6dsl_reg.o(i.lsm6dsl_xl_data_rate_get), (94 bytes).
    Removing lsm6dsl_reg.o(i.lsm6dsl_xl_filter_analog_get), (36 bytes).
    Removing lsm6dsl_reg.o(i.lsm6dsl_xl_flag_data_ready_get), (26 bytes).
    Removing lsm6dsl_reg.o(i.lsm6dsl_xl_full_scale_get), (42 bytes).
    Removing lsm6dsl_reg.o(i.lsm6dsl_xl_hp_bandwidth_get), (70 bytes).
    Removing lsm6dsl_reg.o(i.lsm6dsl_xl_hp_bandwidth_set), (54 bytes).
    Removing lsm6dsl_reg.o(i.lsm6dsl_xl_hp_path_internal_get), (36 bytes).
    Removing lsm6dsl_reg.o(i.lsm6dsl_xl_hp_path_internal_set), (46 bytes).
    Removing lsm6dsl_reg.o(i.lsm6dsl_xl_lp1_bandwidth_get), (72 bytes).
    Removing lsm6dsl_reg.o(i.lsm6dsl_xl_lp1_bandwidth_set), (90 bytes).
    Removing lsm6dsl_reg.o(i.lsm6dsl_xl_lp2_bandwidth_get), (88 bytes).
    Removing lsm6dsl_reg.o(i.lsm6dsl_xl_offset_weight_get), (36 bytes).
    Removing lsm6dsl_reg.o(i.lsm6dsl_xl_offset_weight_set), (46 bytes).
    Removing lsm6dsl_reg.o(i.lsm6dsl_xl_power_mode_get), (36 bytes).
    Removing lsm6dsl_reg.o(i.lsm6dsl_xl_power_mode_set), (46 bytes).
    Removing lsm6dsl_reg.o(i.lsm6dsl_xl_reference_mode_get), (26 bytes).
    Removing lsm6dsl_reg.o(i.lsm6dsl_xl_reference_mode_set), (46 bytes).
    Removing lsm6dsl_reg.o(i.lsm6dsl_xl_self_test_get), (38 bytes).
    Removing lsm6dsl_reg.o(i.lsm6dsl_xl_self_test_set), (46 bytes).
    Removing lsm6dsl_reg.o(i.lsm6dsl_xl_usr_offset_get), (10 bytes).
    Removing lsm6dsl_reg.o(i.lsm6dsl_xl_usr_offset_set), (10 bytes).
    Removing eeprom.o(.rev16_text), (4 bytes).
    Removing eeprom.o(.revsh_text), (4 bytes).
    Removing eeprom.o(.rrx_text), (6 bytes).
    Removing eeprom.o(i.FnSPIXEEPROMReadDouble), (60 bytes).
    Removing eeprom.o(i.FnSPIXEEPROMReadFloat), (52 bytes).
    Removing eeprom.o(i.FnSPIXEEPROMReadUint16), (14 bytes).
    Removing eeprom.o(i.FnSPIXEEPROMReadUint32), (8 bytes).
    Removing eeprom.o(i.FnSPIXEEPROMReadUint8), (14 bytes).
    Removing eeprom.o(i.FnSPIXEEPROMWriteDouble), (42 bytes).
    Removing eeprom.o(i.FnSPIXEEPROMWriteFloat), (38 bytes).
    Removing eeprom.o(i.FnSPIXEEPROMWriteUint16), (10 bytes).
    Removing eeprom.o(i.FnSPIXEEPROMWriteUint8), (10 bytes).
    Removing eeprom.o(i.FnSPIXWriteDisable), (22 bytes).
    Removing eeprom.o(i.FnSPIXWriteStatusPage), (40 bytes).
    Removing stm32g4xx_ll_utils.o(.rev16_text), (4 bytes).
    Removing stm32g4xx_ll_utils.o(.revsh_text), (4 bytes).
    Removing stm32g4xx_ll_utils.o(.rrx_text), (6 bytes).
    Removing stm32g4xx_ll_utils.o(i.LL_Init1msTick), (26 bytes).
    Removing stm32g4xx_ll_utils.o(i.LL_PLL_ConfigSystemClock_HSE), (164 bytes).
    Removing stm32g4xx_ll_utils.o(i.LL_PLL_ConfigSystemClock_HSI), (144 bytes).
    Removing stm32g4xx_ll_utils.o(i.LL_RCC_PLL_ConfigDomain_SYS), (32 bytes).
    Removing stm32g4xx_ll_utils.o(i.LL_RCC_SetAHBPrescaler), (20 bytes).
    Removing stm32g4xx_ll_utils.o(i.LL_SetFlashLatency), (208 bytes).
    Removing stm32g4xx_ll_utils.o(i.LL_mDelay), (30 bytes).
    Removing stm32g4xx_ll_utils.o(i.UTILS_EnablePLLAndSwitchSystem), (164 bytes).
    Removing stm32g4xx_ll_utils.o(i.UTILS_GetPLLOutputFrequency), (34 bytes).
    Removing stm32g4xx_ll_utils.o(i.UTILS_PLL_IsBusy), (24 bytes).
    Removing stm32g4xx_ll_exti.o(.rev16_text), (4 bytes).
    Removing stm32g4xx_ll_exti.o(.revsh_text), (4 bytes).
    Removing stm32g4xx_ll_exti.o(.rrx_text), (6 bytes).
    Removing stm32g4xx_ll_exti.o(i.LL_EXTI_DeInit), (80 bytes).
    Removing stm32g4xx_ll_exti.o(i.LL_EXTI_Init), (324 bytes).
    Removing stm32g4xx_ll_exti.o(i.LL_EXTI_StructInit), (16 bytes).
    Removing stm32g4xx_ll_gpio.o(.rev16_text), (4 bytes).
    Removing stm32g4xx_ll_gpio.o(.revsh_text), (4 bytes).
    Removing stm32g4xx_ll_gpio.o(.rrx_text), (6 bytes).
    Removing stm32g4xx_ll_gpio.o(i.LL_AHB2_GRP1_ForceReset), (16 bytes).
    Removing stm32g4xx_ll_gpio.o(i.LL_AHB2_GRP1_ReleaseReset), (16 bytes).
    Removing stm32g4xx_ll_gpio.o(i.LL_GPIO_DeInit), (152 bytes).
    Removing stm32g4xx_ll_gpio.o(i.LL_GPIO_StructInit), (22 bytes).
    Removing stm32g4xx_ll_spi.o(.rev16_text), (4 bytes).
    Removing stm32g4xx_ll_spi.o(.revsh_text), (4 bytes).
    Removing stm32g4xx_ll_spi.o(.rrx_text), (6 bytes).
    Removing stm32g4xx_ll_spi.o(i.LL_I2S_ConfigPrescaler), (16 bytes).
    Removing stm32g4xx_ll_spi.o(i.LL_I2S_DeInit), (4 bytes).
    Removing stm32g4xx_ll_spi.o(i.LL_I2S_Init), (148 bytes).
    Removing stm32g4xx_ll_spi.o(i.LL_I2S_StructInit), (18 bytes).
    Removing stm32g4xx_ll_spi.o(i.LL_SPI_DeInit), (128 bytes).
    Removing stm32g4xx_ll_spi.o(i.LL_SPI_StructInit), (30 bytes).
    Removing stm32g4xx_ll_dma.o(.rev16_text), (4 bytes).
    Removing stm32g4xx_ll_dma.o(.revsh_text), (4 bytes).
    Removing stm32g4xx_ll_dma.o(.rrx_text), (6 bytes).
    Removing stm32g4xx_ll_dma.o(i.LL_DMA_DeInit), (352 bytes).
    Removing stm32g4xx_ll_dma.o(i.LL_DMA_Init), (96 bytes).
    Removing stm32g4xx_ll_dma.o(i.LL_DMA_SetPeriphRequest), (36 bytes).
    Removing stm32g4xx_ll_dma.o(i.LL_DMA_StructInit), (26 bytes).
    Removing stm32g4xx_ll_dma.o(.constdata), (8 bytes).
    Removing stm32g4xx_ll_pwr.o(.rev16_text), (4 bytes).
    Removing stm32g4xx_ll_pwr.o(.revsh_text), (4 bytes).
    Removing stm32g4xx_ll_pwr.o(.rrx_text), (6 bytes).
    Removing stm32g4xx_ll_pwr.o(i.LL_PWR_DeInit), (28 bytes).
    Removing stm32g4xx_ll_usart.o(.rev16_text), (4 bytes).
    Removing stm32g4xx_ll_usart.o(.revsh_text), (4 bytes).
    Removing stm32g4xx_ll_usart.o(.rrx_text), (6 bytes).
    Removing stm32g4xx_ll_usart.o(i.LL_APB1_GRP1_ForceReset), (16 bytes).
    Removing stm32g4xx_ll_usart.o(i.LL_APB1_GRP1_ReleaseReset), (16 bytes).
    Removing stm32g4xx_ll_usart.o(i.LL_USART_ClockInit), (44 bytes).
    Removing stm32g4xx_ll_usart.o(i.LL_USART_ClockStructInit), (12 bytes).
    Removing stm32g4xx_ll_usart.o(i.LL_USART_DeInit), (120 bytes).
    Removing stm32g4xx_ll_usart.o(i.LL_USART_StructInit), (26 bytes).
    Removing stm32g4xx_ll_rcc.o(.rev16_text), (4 bytes).
    Removing stm32g4xx_ll_rcc.o(.revsh_text), (4 bytes).
    Removing stm32g4xx_ll_rcc.o(.rrx_text), (6 bytes).
    Removing stm32g4xx_ll_rcc.o(i.LL_RCC_DeInit), (96 bytes).
    Removing stm32g4xx_ll_rcc.o(i.LL_RCC_GetADCClockFreq), (72 bytes).
    Removing stm32g4xx_ll_rcc.o(i.LL_RCC_GetADCClockSource), (32 bytes).
    Removing stm32g4xx_ll_rcc.o(i.LL_RCC_GetFDCANClockFreq), (84 bytes).
    Removing stm32g4xx_ll_rcc.o(i.LL_RCC_GetI2CClockFreq), (128 bytes).
    Removing stm32g4xx_ll_rcc.o(i.LL_RCC_GetI2CClockSource), (32 bytes).
    Removing stm32g4xx_ll_rcc.o(i.LL_RCC_GetI2SClockFreq), (84 bytes).
    Removing stm32g4xx_ll_rcc.o(i.LL_RCC_GetLPTIMClockFreq), (104 bytes).
    Removing stm32g4xx_ll_rcc.o(i.LL_RCC_GetLPUARTClockFreq), (84 bytes).
    Removing stm32g4xx_ll_rcc.o(i.LL_RCC_GetQUADSPIClockFreq), (68 bytes).
    Removing stm32g4xx_ll_rcc.o(i.LL_RCC_GetRNGClockFreq), (68 bytes).
    Removing stm32g4xx_ll_rcc.o(i.LL_RCC_GetSAIClockFreq), (84 bytes).
    Removing stm32g4xx_ll_rcc.o(i.LL_RCC_GetUSBClockFreq), (68 bytes).
    Removing stm32g4xx_ll_rcc.o(i.LL_RCC_PLL_IsReady), (16 bytes).
    Removing stm32g4xx_ll_rcc.o(i.RCC_PLL_GetFreqDomain_48M), (72 bytes).
    Removing stm32g4xx_ll_rcc.o(i.RCC_PLL_GetFreqDomain_ADC), (88 bytes).
    Removing system_stm32g4xx.o(.rev16_text), (4 bytes).
    Removing system_stm32g4xx.o(.revsh_text), (4 bytes).
    Removing system_stm32g4xx.o(.rrx_text), (6 bytes).
    Removing system_stm32g4xx.o(i.SystemCoreClockUpdate), (124 bytes).
    Removing dadd.o(.text), (334 bytes).
    Removing dmul.o(.text), (228 bytes).
    Removing ddiv.o(.text), (222 bytes).
    Removing dfixul.o(.text), (48 bytes).
    Removing cdrcmple.o(.text), (48 bytes).
    Removing depilogue.o(.text), (186 bytes).

338 unused section(s) (total 18610 bytes) removed from the image.

==============================================================================

Image Symbol Table

    Local Symbols

    Symbol Name                              Value     Ov Type        Size  Object(Section)

    ../Core/Src/main.c                       0x00000000   Number         0  main.o ABSOLUTE
    ../Core/Src/stm32g4xx_it.c               0x00000000   Number         0  stm32g4xx_it.o ABSOLUTE
    ../Core/Src/system_stm32g4xx.c           0x00000000   Number         0  system_stm32g4xx.o ABSOLUTE
    ../Drivers/STM32G4xx_HAL_Driver/Src/stm32g4xx_ll_dma.c 0x00000000   Number         0  stm32g4xx_ll_dma.o ABSOLUTE
    ../Drivers/STM32G4xx_HAL_Driver/Src/stm32g4xx_ll_exti.c 0x00000000   Number         0  stm32g4xx_ll_exti.o ABSOLUTE
    ../Drivers/STM32G4xx_HAL_Driver/Src/stm32g4xx_ll_gpio.c 0x00000000   Number         0  stm32g4xx_ll_gpio.o ABSOLUTE
    ../Drivers/STM32G4xx_HAL_Driver/Src/stm32g4xx_ll_pwr.c 0x00000000   Number         0  stm32g4xx_ll_pwr.o ABSOLUTE
    ../Drivers/STM32G4xx_HAL_Driver/Src/stm32g4xx_ll_rcc.c 0x00000000   Number         0  stm32g4xx_ll_rcc.o ABSOLUTE
    ../Drivers/STM32G4xx_HAL_Driver/Src/stm32g4xx_ll_spi.c 0x00000000   Number         0  stm32g4xx_ll_spi.o ABSOLUTE
    ../Drivers/STM32G4xx_HAL_Driver/Src/stm32g4xx_ll_usart.c 0x00000000   Number         0  stm32g4xx_ll_usart.o ABSOLUTE
    ../Drivers/STM32G4xx_HAL_Driver/Src/stm32g4xx_ll_utils.c 0x00000000   Number         0  stm32g4xx_ll_utils.o ABSOLUTE
    ../clib/microlib/division.c              0x00000000   Number         0  uldiv.o ABSOLUTE
    ../clib/microlib/division.c              0x00000000   Number         0  uidiv.o ABSOLUTE
    ../clib/microlib/init/entry.s            0x00000000   Number         0  entry10a.o ABSOLUTE
    ../clib/microlib/init/entry.s            0x00000000   Number         0  entry.o ABSOLUTE
    ../clib/microlib/init/entry.s            0x00000000   Number         0  entry7a.o ABSOLUTE
    ../clib/microlib/init/entry.s            0x00000000   Number         0  entry7b.o ABSOLUTE
    ../clib/microlib/init/entry.s            0x00000000   Number         0  entry5.o ABSOLUTE
    ../clib/microlib/init/entry.s            0x00000000   Number         0  entry2.o ABSOLUTE
    ../clib/microlib/init/entry.s            0x00000000   Number         0  entry8a.o ABSOLUTE
    ../clib/microlib/init/entry.s            0x00000000   Number         0  entry12b.o ABSOLUTE
    ../clib/microlib/init/entry.s            0x00000000   Number         0  entry12a.o ABSOLUTE
    ../clib/microlib/init/entry.s            0x00000000   Number         0  entry8b.o ABSOLUTE
    ../clib/microlib/init/entry.s            0x00000000   Number         0  entry11b.o ABSOLUTE
    ../clib/microlib/init/entry.s            0x00000000   Number         0  entry11a.o ABSOLUTE
    ../clib/microlib/init/entry.s            0x00000000   Number         0  entry10b.o ABSOLUTE
    ../clib/microlib/init/entry.s            0x00000000   Number         0  entry9a.o ABSOLUTE
    ../clib/microlib/init/entry.s            0x00000000   Number         0  entry9b.o ABSOLUTE
    ../clib/microlib/longlong.c              0x00000000   Number         0  llshl.o ABSOLUTE
    ../clib/microlib/longlong.c              0x00000000   Number         0  llushr.o ABSOLUTE
    ../clib/microlib/longlong.c              0x00000000   Number         0  llsshr.o ABSOLUTE
    ../clib/microlib/printf/printf.c         0x00000000   Number         0  printfb.o ABSOLUTE
    ../clib/microlib/printf/printf.c         0x00000000   Number         0  printf6.o ABSOLUTE
    ../clib/microlib/printf/printf.c         0x00000000   Number         0  printf7.o ABSOLUTE
    ../clib/microlib/printf/printf.c         0x00000000   Number         0  printf8.o ABSOLUTE
    ../clib/microlib/printf/printf.c         0x00000000   Number         0  printf5.o ABSOLUTE
    ../clib/microlib/printf/printf.c         0x00000000   Number         0  printfa.o ABSOLUTE
    ../clib/microlib/printf/printf.c         0x00000000   Number         0  printf2.o ABSOLUTE
    ../clib/microlib/printf/printf.c         0x00000000   Number         0  printf3.o ABSOLUTE
    ../clib/microlib/printf/printf.c         0x00000000   Number         0  printf4.o ABSOLUTE
    ../clib/microlib/printf/printf.c         0x00000000   Number         0  printf1.o ABSOLUTE
    ../clib/microlib/printf/printf.c         0x00000000   Number         0  printf0.o ABSOLUTE
    ../clib/microlib/printf/stubs.s          0x00000000   Number         0  stubs.o ABSOLUTE
    ../clib/microlib/stdio/streams.c         0x00000000   Number         0  stdout.o ABSOLUTE
    ../clib/microlib/string/memset.c         0x00000000   Number         0  memseta.o ABSOLUTE
    ../clib/microlib/stubs.s                 0x00000000   Number         0  iusefp.o ABSOLUTE
    ../fplib/microlib/fpadd.c                0x00000000   Number         0  dadd.o ABSOLUTE
    ../fplib/microlib/fpdiv.c                0x00000000   Number         0  ddiv.o ABSOLUTE
    ../fplib/microlib/fpepilogue.c           0x00000000   Number         0  depilogue.o ABSOLUTE
    ../fplib/microlib/fpfix.c                0x00000000   Number         0  dfixul.o ABSOLUTE
    ../fplib/microlib/fpmul.c                0x00000000   Number         0  dmul.o ABSOLUTE
    ..\Core\Src\ACCMTR.c                     0x00000000   Number         0  accmtr.o ABSOLUTE
    ..\Core\Src\EEPROM.c                     0x00000000   Number         0  eeprom.o ABSOLUTE
    ..\Core\Src\lsm6dsl_reg.c                0x00000000   Number         0  lsm6dsl_reg.o ABSOLUTE
    ..\Core\Src\main.c                       0x00000000   Number         0  main.o ABSOLUTE
    ..\Core\Src\stm32g4xx_it.c               0x00000000   Number         0  stm32g4xx_it.o ABSOLUTE
    ..\Core\Src\system_stm32g4xx.c           0x00000000   Number         0  system_stm32g4xx.o ABSOLUTE
    ..\Drivers\STM32G4xx_HAL_Driver\Src\stm32g4xx_ll_dma.c 0x00000000   Number         0  stm32g4xx_ll_dma.o ABSOLUTE
    ..\Drivers\STM32G4xx_HAL_Driver\Src\stm32g4xx_ll_exti.c 0x00000000   Number         0  stm32g4xx_ll_exti.o ABSOLUTE
    ..\Drivers\STM32G4xx_HAL_Driver\Src\stm32g4xx_ll_gpio.c 0x00000000   Number         0  stm32g4xx_ll_gpio.o ABSOLUTE
    ..\Drivers\STM32G4xx_HAL_Driver\Src\stm32g4xx_ll_pwr.c 0x00000000   Number         0  stm32g4xx_ll_pwr.o ABSOLUTE
    ..\Drivers\STM32G4xx_HAL_Driver\Src\stm32g4xx_ll_rcc.c 0x00000000   Number         0  stm32g4xx_ll_rcc.o ABSOLUTE
    ..\Drivers\STM32G4xx_HAL_Driver\Src\stm32g4xx_ll_spi.c 0x00000000   Number         0  stm32g4xx_ll_spi.o ABSOLUTE
    ..\Drivers\STM32G4xx_HAL_Driver\Src\stm32g4xx_ll_usart.c 0x00000000   Number         0  stm32g4xx_ll_usart.o ABSOLUTE
    ..\Drivers\STM32G4xx_HAL_Driver\Src\stm32g4xx_ll_utils.c 0x00000000   Number         0  stm32g4xx_ll_utils.o ABSOLUTE
    ..\\Core\\Src\\ACCMTR.c                  0x00000000   Number         0  accmtr.o ABSOLUTE
    ..\\Core\\Src\\EEPROM.c                  0x00000000   Number         0  eeprom.o ABSOLUTE
    cdrcmple.s                               0x00000000   Number         0  cdrcmple.o ABSOLUTE
    dc.s                                     0x00000000   Number         0  dc.o ABSOLUTE
    handlers.s                               0x00000000   Number         0  handlers.o ABSOLUTE
    init.s                                   0x00000000   Number         0  init.o ABSOLUTE
    startup_stm32g474xx.s                    0x00000000   Number         0  startup_stm32g474xx.o ABSOLUTE
    RESET                                    0x08000000   Section      472  startup_stm32g474xx.o(RESET)
    .ARM.Collect$$$$00000000                 0x080001d8   Section        0  entry.o(.ARM.Collect$$$$00000000)
    .ARM.Collect$$$$00000001                 0x080001d8   Section        4  entry2.o(.ARM.Collect$$$$00000001)
    .ARM.Collect$$$$00000004                 0x080001dc   Section        4  entry5.o(.ARM.Collect$$$$00000004)
    .ARM.Collect$$$$00000008                 0x080001e0   Section        0  entry7b.o(.ARM.Collect$$$$00000008)
    .ARM.Collect$$$$0000000A                 0x080001e0   Section        0  entry8b.o(.ARM.Collect$$$$0000000A)
    .ARM.Collect$$$$0000000B                 0x080001e0   Section        8  entry9a.o(.ARM.Collect$$$$0000000B)
    .ARM.Collect$$$$0000000E                 0x080001e8   Section        4  entry12b.o(.ARM.Collect$$$$0000000E)
    .ARM.Collect$$$$0000000F                 0x080001ec   Section        0  entry10a.o(.ARM.Collect$$$$0000000F)
    .ARM.Collect$$$$00000011                 0x080001ec   Section        0  entry11a.o(.ARM.Collect$$$$00000011)
    .ARM.Collect$$$$00002712                 0x080001ec   Section        4  entry2.o(.ARM.Collect$$$$00002712)
    __lit__00000000                          0x080001ec   Data           4  entry2.o(.ARM.Collect$$$$00002712)
    .text                                    0x080001f0   Section       36  startup_stm32g474xx.o(.text)
    $v0                                      0x080001f0   Number         0  startup_stm32g474xx.o(.text)
    .text                                    0x08000214   Section        0  memseta.o(.text)
    .text                                    0x08000238   Section        0  uldiv.o(.text)
    .text                                    0x0800029c   Section       36  init.o(.text)
    .text                                    0x080002c0   Section        0  llshl.o(.text)
    .text                                    0x080002de   Section        0  llushr.o(.text)
    i.BusFault_Handler                       0x080002fe   Section        0  stm32g4xx_it.o(i.BusFault_Handler)
    i.DebugMon_Handler                       0x08000300   Section        0  stm32g4xx_it.o(i.DebugMon_Handler)
    i.FnACCMTRConfigPara                     0x08000304   Section        0  accmtr.o(i.FnACCMTRConfigPara)
    i.FnACCMTRPlatformRead                   0x08000418   Section        0  accmtr.o(i.FnACCMTRPlatformRead)
    FnACCMTRPlatformRead                     0x08000419   Thumb Code    84  accmtr.o(i.FnACCMTRPlatformRead)
    i.FnACCMTRPlatformWrite                  0x08000470   Section        0  accmtr.o(i.FnACCMTRPlatformWrite)
    FnACCMTRPlatformWrite                    0x08000471   Thumb Code    82  accmtr.o(i.FnACCMTRPlatformWrite)
    i.FnSPI2RdWr                             0x080004c8   Section        0  main.o(i.FnSPI2RdWr)
    i.FnSPIXEEPROMLoadConfig                 0x080004e8   Section        0  eeprom.o(i.FnSPIXEEPROMLoadConfig)
    i.FnSPIXEEPROMReadBytes                  0x0800055c   Section        0  eeprom.o(i.FnSPIXEEPROMReadBytes)
    i.FnSPIXEEPROMReadSignature              0x080005c4   Section        0  eeprom.o(i.FnSPIXEEPROMReadSignature)
    i.FnSPIXEEPROMWriteBytes                 0x080005d0   Section        0  eeprom.o(i.FnSPIXEEPROMWriteBytes)
    i.FnSPIXEEPROMWriteSignature             0x08000638   Section        0  eeprom.o(i.FnSPIXEEPROMWriteSignature)
    i.FnSPIXEEPROMWriteUint32                0x08000648   Section        0  eeprom.o(i.FnSPIXEEPROMWriteUint32)
    i.FnSPIXRDWR                             0x08000654   Section        0  eeprom.o(i.FnSPIXRDWR)
    i.FnSPIXReadStatusPage                   0x08000674   Section        0  eeprom.o(i.FnSPIXReadStatusPage)
    i.FnSPIXWriteEnable                      0x0800069c   Section        0  eeprom.o(i.FnSPIXWriteEnable)
    i.HardFault_Handler                      0x080006b2   Section        0  stm32g4xx_it.o(i.HardFault_Handler)
    i.LL_AHB2_GRP1_EnableClock               0x080006b4   Section        0  main.o(i.LL_AHB2_GRP1_EnableClock)
    LL_AHB2_GRP1_EnableClock                 0x080006b5   Thumb Code    18  main.o(i.LL_AHB2_GRP1_EnableClock)
    i.LL_APB1_GRP1_EnableClock               0x080006cc   Section        0  main.o(i.LL_APB1_GRP1_EnableClock)
    LL_APB1_GRP1_EnableClock                 0x080006cd   Thumb Code    18  main.o(i.LL_APB1_GRP1_EnableClock)
    i.LL_APB2_GRP1_EnableClock               0x080006e4   Section        0  main.o(i.LL_APB2_GRP1_EnableClock)
    LL_APB2_GRP1_EnableClock                 0x080006e5   Thumb Code    18  main.o(i.LL_APB2_GRP1_EnableClock)
    i.LL_GPIO_Init                           0x080006fc   Section        0  stm32g4xx_ll_gpio.o(i.LL_GPIO_Init)
    i.LL_RCC_GetSysClkSource                 0x08000834   Section        0  main.o(i.LL_RCC_GetSysClkSource)
    LL_RCC_GetSysClkSource                   0x08000835   Thumb Code    10  main.o(i.LL_RCC_GetSysClkSource)
    i.LL_RCC_GetSystemClocksFreq             0x08000844   Section        0  stm32g4xx_ll_rcc.o(i.LL_RCC_GetSystemClocksFreq)
    i.LL_RCC_GetUARTClockFreq                0x08000864   Section        0  stm32g4xx_ll_rcc.o(i.LL_RCC_GetUARTClockFreq)
    i.LL_RCC_GetUSARTClockFreq               0x080008f4   Section        0  stm32g4xx_ll_rcc.o(i.LL_RCC_GetUSARTClockFreq)
    i.LL_RCC_HSI_IsReady                     0x080009a8   Section        0  stm32g4xx_ll_rcc.o(i.LL_RCC_HSI_IsReady)
    LL_RCC_HSI_IsReady                       0x080009a9   Thumb Code    10  stm32g4xx_ll_rcc.o(i.LL_RCC_HSI_IsReady)
    i.LL_RCC_LSE_IsReady                     0x080009b8   Section        0  stm32g4xx_ll_rcc.o(i.LL_RCC_LSE_IsReady)
    LL_RCC_LSE_IsReady                       0x080009b9   Thumb Code    12  stm32g4xx_ll_rcc.o(i.LL_RCC_LSE_IsReady)
    i.LL_RCC_SetAHBPrescaler                 0x080009c8   Section        0  main.o(i.LL_RCC_SetAHBPrescaler)
    LL_RCC_SetAHBPrescaler                   0x080009c9   Thumb Code    14  main.o(i.LL_RCC_SetAHBPrescaler)
    i.LL_SPI_Init                            0x080009dc   Section        0  stm32g4xx_ll_spi.o(i.LL_SPI_Init)
    i.LL_SetSystemCoreClock                  0x08000a54   Section        0  stm32g4xx_ll_utils.o(i.LL_SetSystemCoreClock)
    i.LL_USART_Init                          0x08000a60   Section        0  stm32g4xx_ll_usart.o(i.LL_USART_Init)
    i.MX_GPIO_Init                           0x08000b58   Section        0  main.o(i.MX_GPIO_Init)
    i.MX_SPI1_Init                           0x08000ba0   Section        0  main.o(i.MX_SPI1_Init)
    i.MX_SPI2_Init                           0x08000c70   Section        0  main.o(i.MX_SPI2_Init)
    i.MX_USART3_UART_Init                    0x08000d64   Section        0  main.o(i.MX_USART3_UART_Init)
    i.MemManage_Handler                      0x08000e28   Section        0  stm32g4xx_it.o(i.MemManage_Handler)
    i.NMI_Handler                            0x08000e2a   Section        0  stm32g4xx_it.o(i.NMI_Handler)
    i.PendSV_Handler                         0x08000e2c   Section        0  stm32g4xx_it.o(i.PendSV_Handler)
    i.RCC_GetHCLKClockFreq                   0x08000e30   Section        0  stm32g4xx_ll_rcc.o(i.RCC_GetHCLKClockFreq)
    RCC_GetHCLKClockFreq                     0x08000e31   Thumb Code    22  stm32g4xx_ll_rcc.o(i.RCC_GetHCLKClockFreq)
    i.RCC_GetPCLK1ClockFreq                  0x08000e50   Section        0  stm32g4xx_ll_rcc.o(i.RCC_GetPCLK1ClockFreq)
    RCC_GetPCLK1ClockFreq                    0x08000e51   Thumb Code    24  stm32g4xx_ll_rcc.o(i.RCC_GetPCLK1ClockFreq)
    i.RCC_GetPCLK2ClockFreq                  0x08000e70   Section        0  stm32g4xx_ll_rcc.o(i.RCC_GetPCLK2ClockFreq)
    RCC_GetPCLK2ClockFreq                    0x08000e71   Thumb Code    24  stm32g4xx_ll_rcc.o(i.RCC_GetPCLK2ClockFreq)
    i.RCC_GetSystemClockFreq                 0x08000e90   Section        0  stm32g4xx_ll_rcc.o(i.RCC_GetSystemClockFreq)
    RCC_GetSystemClockFreq                   0x08000e91   Thumb Code    88  stm32g4xx_ll_rcc.o(i.RCC_GetSystemClockFreq)
    i.SVC_Handler                            0x08000ef0   Section        0  stm32g4xx_it.o(i.SVC_Handler)
    i.SysTick_Handler                        0x08000ef2   Section        0  stm32g4xx_it.o(i.SysTick_Handler)
    i.SystemClock_Config                     0x08000ef4   Section        0  main.o(i.SystemClock_Config)
    i.SystemInit                             0x08000fdc   Section        0  system_stm32g4xx.o(i.SystemInit)
    i.USART1_IRQHandler                      0x08000fec   Section        0  stm32g4xx_it.o(i.USART1_IRQHandler)
    i.UsageFault_Handler                     0x08000fee   Section        0  stm32g4xx_it.o(i.UsageFault_Handler)
    i.__0printf$5                            0x08000ff0   Section        0  printf5.o(i.__0printf$5)
    i.__scatterload_copy                     0x08001010   Section       14  handlers.o(i.__scatterload_copy)
    i.__scatterload_null                     0x0800101e   Section        2  handlers.o(i.__scatterload_null)
    i.__scatterload_zeroinit                 0x08001020   Section       14  handlers.o(i.__scatterload_zeroinit)
    i._printf_core                           0x08001030   Section        0  printf5.o(i._printf_core)
    _printf_core                             0x08001031   Thumb Code   660  printf5.o(i._printf_core)
    i.fputc                                  0x080012f0   Section        0  main.o(i.fputc)
    i.lsm6dsl_block_data_update_set          0x08001308   Section        0  lsm6dsl_reg.o(i.lsm6dsl_block_data_update_set)
    i.lsm6dsl_device_id_get                  0x08001336   Section        0  lsm6dsl_reg.o(i.lsm6dsl_device_id_get)
    i.lsm6dsl_gy_band_pass_set               0x08001340   Section        0  lsm6dsl_reg.o(i.lsm6dsl_gy_band_pass_set)
    i.lsm6dsl_gy_data_rate_set               0x080013d0   Section        0  lsm6dsl_reg.o(i.lsm6dsl_gy_data_rate_set)
    i.lsm6dsl_gy_full_scale_set              0x080013fe   Section        0  lsm6dsl_reg.o(i.lsm6dsl_gy_full_scale_set)
    i.lsm6dsl_read_reg                       0x0800142c   Section        0  lsm6dsl_reg.o(i.lsm6dsl_read_reg)
    i.lsm6dsl_reset_get                      0x0800143a   Section        0  lsm6dsl_reg.o(i.lsm6dsl_reset_get)
    i.lsm6dsl_reset_set                      0x08001454   Section        0  lsm6dsl_reg.o(i.lsm6dsl_reset_set)
    i.lsm6dsl_write_reg                      0x08001482   Section        0  lsm6dsl_reg.o(i.lsm6dsl_write_reg)
    i.lsm6dsl_xl_data_rate_set               0x08001490   Section        0  lsm6dsl_reg.o(i.lsm6dsl_xl_data_rate_set)
    i.lsm6dsl_xl_filter_analog_set           0x080014be   Section        0  lsm6dsl_reg.o(i.lsm6dsl_xl_filter_analog_set)
    i.lsm6dsl_xl_full_scale_set              0x080014ec   Section        0  lsm6dsl_reg.o(i.lsm6dsl_xl_full_scale_set)
    i.lsm6dsl_xl_lp2_bandwidth_set           0x0800151a   Section        0  lsm6dsl_reg.o(i.lsm6dsl_xl_lp2_bandwidth_set)
    i.main                                   0x08001558   Section        0  main.o(i.main)
    .constdata                               0x08001778   Section       48  stm32g4xx_ll_usart.o(.constdata)
    USART_PRESCALER_TAB                      0x08001778   Data          48  stm32g4xx_ll_usart.o(.constdata)
    .constdata                               0x080017a8   Section       16  system_stm32g4xx.o(.constdata)
    .constdata                               0x080017b8   Section        8  system_stm32g4xx.o(.constdata)
    .conststring                             0x080017c0   Section       71  eeprom.o(.conststring)
    .data                                    0x20000000   Section        4  main.o(.data)
    .data                                    0x20000004   Section        1  eeprom.o(.data)
    .data                                    0x20000008   Section        4  system_stm32g4xx.o(.data)
    .data                                    0x2000000c   Section        4  stdout.o(.data)
    .bss                                     0x20000010   Section      396  main.o(.bss)
    STACK                                    0x200001a0   Section     1024  startup_stm32g474xx.o(STACK)

    Global Symbols

    Symbol Name                              Value     Ov Type        Size  Object(Section)

    BuildAttributes$$THM_ISAv4$E$P$D$K$B$S$7EM$VFPi3$EXTD16$VFPS$VFMA$PE$A:L22UL41UL21$X:L11$S22US41US21$IEEE1$IW$USESV6$~STKCKD$USESV7$~SHL$OSPACE$ROPI$EBA8$MICROLIB$REQ8$PRES8$EABIv2 0x00000000   Number         0  anon$$obj.o ABSOLUTE
    __ARM_use_no_argv                        0x00000000   Number         0  main.o ABSOLUTE
    _printf_a                                0x00000000   Number         0  stubs.o ABSOLUTE
    _printf_c                                0x00000000   Number         0  stubs.o ABSOLUTE
    _printf_charcount                        0x00000000   Number         0  stubs.o ABSOLUTE
    _printf_d                                0x00000000   Number         0  stubs.o ABSOLUTE
    _printf_e                                0x00000000   Number         0  stubs.o ABSOLUTE
    _printf_f                                0x00000000   Number         0  stubs.o ABSOLUTE
    _printf_flags                            0x00000000   Number         0  stubs.o ABSOLUTE
    _printf_fp_dec                           0x00000000   Number         0  stubs.o ABSOLUTE
    _printf_fp_hex                           0x00000000   Number         0  stubs.o ABSOLUTE
    _printf_g                                0x00000000   Number         0  stubs.o ABSOLUTE
    _printf_i                                0x00000000   Number         0  stubs.o ABSOLUTE
    _printf_int_dec                          0x00000000   Number         0  stubs.o ABSOLUTE
    _printf_l                                0x00000000   Number         0  stubs.o ABSOLUTE
    _printf_lc                               0x00000000   Number         0  stubs.o ABSOLUTE
    _printf_ll                               0x00000000   Number         0  stubs.o ABSOLUTE
    _printf_lld                              0x00000000   Number         0  stubs.o ABSOLUTE
    _printf_lli                              0x00000000   Number         0  stubs.o ABSOLUTE
    _printf_llo                              0x00000000   Number         0  stubs.o ABSOLUTE
    _printf_llu                              0x00000000   Number         0  stubs.o ABSOLUTE
    _printf_llx                              0x00000000   Number         0  stubs.o ABSOLUTE
    _printf_longlong_dec                     0x00000000   Number         0  stubs.o ABSOLUTE
    _printf_longlong_hex                     0x00000000   Number         0  stubs.o ABSOLUTE
    _printf_longlong_oct                     0x00000000   Number         0  stubs.o ABSOLUTE
    _printf_ls                               0x00000000   Number         0  stubs.o ABSOLUTE
    _printf_mbtowc                           0x00000000   Number         0  stubs.o ABSOLUTE
    _printf_n                                0x00000000   Number         0  stubs.o ABSOLUTE
    _printf_o                                0x00000000   Number         0  stubs.o ABSOLUTE
    _printf_p                                0x00000000   Number         0  stubs.o ABSOLUTE
    _printf_percent                          0x00000000   Number         0  stubs.o ABSOLUTE
    _printf_pre_padding                      0x00000000   Number         0  stubs.o ABSOLUTE
    _printf_return_value                     0x00000000   Number         0  stubs.o ABSOLUTE
    _printf_s                                0x00000000   Number         0  stubs.o ABSOLUTE
    _printf_sizespec                         0x00000000   Number         0  stubs.o ABSOLUTE
    _printf_str                              0x00000000   Number         0  stubs.o ABSOLUTE
    _printf_truncate_signed                  0x00000000   Number         0  stubs.o ABSOLUTE
    _printf_truncate_unsigned                0x00000000   Number         0  stubs.o ABSOLUTE
    _printf_u                                0x00000000   Number         0  stubs.o ABSOLUTE
    _printf_wc                               0x00000000   Number         0  stubs.o ABSOLUTE
    _printf_wctomb                           0x00000000   Number         0  stubs.o ABSOLUTE
    _printf_widthprec                        0x00000000   Number         0  stubs.o ABSOLUTE
    _printf_x                                0x00000000   Number         0  stubs.o ABSOLUTE
    __arm_fini_                               - Undefined Weak Reference
    __cpp_initialize__aeabi_                  - Undefined Weak Reference
    __cxa_finalize                            - Undefined Weak Reference
    __decompress                              - Undefined Weak Reference
    _clock_init                               - Undefined Weak Reference
    _microlib_exit                            - Undefined Weak Reference
    __Vectors_Size                           0x000001d8   Number         0  startup_stm32g474xx.o ABSOLUTE
    __Vectors                                0x08000000   Data           4  startup_stm32g474xx.o(RESET)
    __Vectors_End                            0x080001d8   Data           0  startup_stm32g474xx.o(RESET)
    __main                                   0x080001d9   Thumb Code     0  entry.o(.ARM.Collect$$$$00000000)
    _main_stk                                0x080001d9   Thumb Code     0  entry2.o(.ARM.Collect$$$$00000001)
    _main_scatterload                        0x080001dd   Thumb Code     0  entry5.o(.ARM.Collect$$$$00000004)
    __main_after_scatterload                 0x080001e1   Thumb Code     0  entry5.o(.ARM.Collect$$$$00000004)
    _main_clock                              0x080001e1   Thumb Code     0  entry7b.o(.ARM.Collect$$$$00000008)
    _main_cpp_init                           0x080001e1   Thumb Code     0  entry8b.o(.ARM.Collect$$$$0000000A)
    _main_init                               0x080001e1   Thumb Code     0  entry9a.o(.ARM.Collect$$$$0000000B)
    __rt_lib_shutdown_fini                   0x080001e9   Thumb Code     0  entry12b.o(.ARM.Collect$$$$0000000E)
    __rt_final_cpp                           0x080001ed   Thumb Code     0  entry10a.o(.ARM.Collect$$$$0000000F)
    __rt_final_exit                          0x080001ed   Thumb Code     0  entry11a.o(.ARM.Collect$$$$00000011)
    Reset_Handler                            0x080001f1   Thumb Code     8  startup_stm32g474xx.o(.text)
    ADC1_2_IRQHandler                        0x0800020b   Thumb Code     0  startup_stm32g474xx.o(.text)
    ADC3_IRQHandler                          0x0800020b   Thumb Code     0  startup_stm32g474xx.o(.text)
    ADC4_IRQHandler                          0x0800020b   Thumb Code     0  startup_stm32g474xx.o(.text)
    ADC5_IRQHandler                          0x0800020b   Thumb Code     0  startup_stm32g474xx.o(.text)
    COMP1_2_3_IRQHandler                     0x0800020b   Thumb Code     0  startup_stm32g474xx.o(.text)
    COMP4_5_6_IRQHandler                     0x0800020b   Thumb Code     0  startup_stm32g474xx.o(.text)
    COMP7_IRQHandler                         0x0800020b   Thumb Code     0  startup_stm32g474xx.o(.text)
    CORDIC_IRQHandler                        0x0800020b   Thumb Code     0  startup_stm32g474xx.o(.text)
    CRS_IRQHandler                           0x0800020b   Thumb Code     0  startup_stm32g474xx.o(.text)
    DMA1_Channel1_IRQHandler                 0x0800020b   Thumb Code     0  startup_stm32g474xx.o(.text)
    DMA1_Channel2_IRQHandler                 0x0800020b   Thumb Code     0  startup_stm32g474xx.o(.text)
    DMA1_Channel3_IRQHandler                 0x0800020b   Thumb Code     0  startup_stm32g474xx.o(.text)
    DMA1_Channel4_IRQHandler                 0x0800020b   Thumb Code     0  startup_stm32g474xx.o(.text)
    DMA1_Channel5_IRQHandler                 0x0800020b   Thumb Code     0  startup_stm32g474xx.o(.text)
    DMA1_Channel6_IRQHandler                 0x0800020b   Thumb Code     0  startup_stm32g474xx.o(.text)
    DMA1_Channel7_IRQHandler                 0x0800020b   Thumb Code     0  startup_stm32g474xx.o(.text)
    DMA1_Channel8_IRQHandler                 0x0800020b   Thumb Code     0  startup_stm32g474xx.o(.text)
    DMA2_Channel1_IRQHandler                 0x0800020b   Thumb Code     0  startup_stm32g474xx.o(.text)
    DMA2_Channel2_IRQHandler                 0x0800020b   Thumb Code     0  startup_stm32g474xx.o(.text)
    DMA2_Channel3_IRQHandler                 0x0800020b   Thumb Code     0  startup_stm32g474xx.o(.text)
    DMA2_Channel4_IRQHandler                 0x0800020b   Thumb Code     0  startup_stm32g474xx.o(.text)
    DMA2_Channel5_IRQHandler                 0x0800020b   Thumb Code     0  startup_stm32g474xx.o(.text)
    DMA2_Channel6_IRQHandler                 0x0800020b   Thumb Code     0  startup_stm32g474xx.o(.text)
    DMA2_Channel7_IRQHandler                 0x0800020b   Thumb Code     0  startup_stm32g474xx.o(.text)
    DMA2_Channel8_IRQHandler                 0x0800020b   Thumb Code     0  startup_stm32g474xx.o(.text)
    DMAMUX_OVR_IRQHandler                    0x0800020b   Thumb Code     0  startup_stm32g474xx.o(.text)
    EXTI0_IRQHandler                         0x0800020b   Thumb Code     0  startup_stm32g474xx.o(.text)
    EXTI15_10_IRQHandler                     0x0800020b   Thumb Code     0  startup_stm32g474xx.o(.text)
    EXTI1_IRQHandler                         0x0800020b   Thumb Code     0  startup_stm32g474xx.o(.text)
    EXTI2_IRQHandler                         0x0800020b   Thumb Code     0  startup_stm32g474xx.o(.text)
    EXTI3_IRQHandler                         0x0800020b   Thumb Code     0  startup_stm32g474xx.o(.text)
    EXTI4_IRQHandler                         0x0800020b   Thumb Code     0  startup_stm32g474xx.o(.text)
    EXTI9_5_IRQHandler                       0x0800020b   Thumb Code     0  startup_stm32g474xx.o(.text)
    FDCAN1_IT0_IRQHandler                    0x0800020b   Thumb Code     0  startup_stm32g474xx.o(.text)
    FDCAN1_IT1_IRQHandler                    0x0800020b   Thumb Code     0  startup_stm32g474xx.o(.text)
    FDCAN2_IT0_IRQHandler                    0x0800020b   Thumb Code     0  startup_stm32g474xx.o(.text)
    FDCAN2_IT1_IRQHandler                    0x0800020b   Thumb Code     0  startup_stm32g474xx.o(.text)
    FDCAN3_IT0_IRQHandler                    0x0800020b   Thumb Code     0  startup_stm32g474xx.o(.text)
    FDCAN3_IT1_IRQHandler                    0x0800020b   Thumb Code     0  startup_stm32g474xx.o(.text)
    FLASH_IRQHandler                         0x0800020b   Thumb Code     0  startup_stm32g474xx.o(.text)
    FMAC_IRQHandler                          0x0800020b   Thumb Code     0  startup_stm32g474xx.o(.text)
    FMC_IRQHandler                           0x0800020b   Thumb Code     0  startup_stm32g474xx.o(.text)
    FPU_IRQHandler                           0x0800020b   Thumb Code     0  startup_stm32g474xx.o(.text)
    HRTIM1_FLT_IRQHandler                    0x0800020b   Thumb Code     0  startup_stm32g474xx.o(.text)
    HRTIM1_Master_IRQHandler                 0x0800020b   Thumb Code     0  startup_stm32g474xx.o(.text)
    HRTIM1_TIMA_IRQHandler                   0x0800020b   Thumb Code     0  startup_stm32g474xx.o(.text)
    HRTIM1_TIMB_IRQHandler                   0x0800020b   Thumb Code     0  startup_stm32g474xx.o(.text)
    HRTIM1_TIMC_IRQHandler                   0x0800020b   Thumb Code     0  startup_stm32g474xx.o(.text)
    HRTIM1_TIMD_IRQHandler                   0x0800020b   Thumb Code     0  startup_stm32g474xx.o(.text)
    HRTIM1_TIME_IRQHandler                   0x0800020b   Thumb Code     0  startup_stm32g474xx.o(.text)
    HRTIM1_TIMF_IRQHandler                   0x0800020b   Thumb Code     0  startup_stm32g474xx.o(.text)
    I2C1_ER_IRQHandler                       0x0800020b   Thumb Code     0  startup_stm32g474xx.o(.text)
    I2C1_EV_IRQHandler                       0x0800020b   Thumb Code     0  startup_stm32g474xx.o(.text)
    I2C2_ER_IRQHandler                       0x0800020b   Thumb Code     0  startup_stm32g474xx.o(.text)
    I2C2_EV_IRQHandler                       0x0800020b   Thumb Code     0  startup_stm32g474xx.o(.text)
    I2C3_ER_IRQHandler                       0x0800020b   Thumb Code     0  startup_stm32g474xx.o(.text)
    I2C3_EV_IRQHandler                       0x0800020b   Thumb Code     0  startup_stm32g474xx.o(.text)
    I2C4_ER_IRQHandler                       0x0800020b   Thumb Code     0  startup_stm32g474xx.o(.text)
    I2C4_EV_IRQHandler                       0x0800020b   Thumb Code     0  startup_stm32g474xx.o(.text)
    LPTIM1_IRQHandler                        0x0800020b   Thumb Code     0  startup_stm32g474xx.o(.text)
    LPUART1_IRQHandler                       0x0800020b   Thumb Code     0  startup_stm32g474xx.o(.text)
    PVD_PVM_IRQHandler                       0x0800020b   Thumb Code     0  startup_stm32g474xx.o(.text)
    QUADSPI_IRQHandler                       0x0800020b   Thumb Code     0  startup_stm32g474xx.o(.text)
    RCC_IRQHandler                           0x0800020b   Thumb Code     0  startup_stm32g474xx.o(.text)
    RNG_IRQHandler                           0x0800020b   Thumb Code     0  startup_stm32g474xx.o(.text)
    RTC_Alarm_IRQHandler                     0x0800020b   Thumb Code     0  startup_stm32g474xx.o(.text)
    RTC_TAMP_LSECSS_IRQHandler               0x0800020b   Thumb Code     0  startup_stm32g474xx.o(.text)
    RTC_WKUP_IRQHandler                      0x0800020b   Thumb Code     0  startup_stm32g474xx.o(.text)
    SAI1_IRQHandler                          0x0800020b   Thumb Code     0  startup_stm32g474xx.o(.text)
    SPI1_IRQHandler                          0x0800020b   Thumb Code     0  startup_stm32g474xx.o(.text)
    SPI2_IRQHandler                          0x0800020b   Thumb Code     0  startup_stm32g474xx.o(.text)
    SPI3_IRQHandler                          0x0800020b   Thumb Code     0  startup_stm32g474xx.o(.text)
    SPI4_IRQHandler                          0x0800020b   Thumb Code     0  startup_stm32g474xx.o(.text)
    TIM1_BRK_TIM15_IRQHandler                0x0800020b   Thumb Code     0  startup_stm32g474xx.o(.text)
    TIM1_CC_IRQHandler                       0x0800020b   Thumb Code     0  startup_stm32g474xx.o(.text)
    TIM1_TRG_COM_TIM17_IRQHandler            0x0800020b   Thumb Code     0  startup_stm32g474xx.o(.text)
    TIM1_UP_TIM16_IRQHandler                 0x0800020b   Thumb Code     0  startup_stm32g474xx.o(.text)
    TIM20_BRK_IRQHandler                     0x0800020b   Thumb Code     0  startup_stm32g474xx.o(.text)
    TIM20_CC_IRQHandler                      0x0800020b   Thumb Code     0  startup_stm32g474xx.o(.text)
    TIM20_TRG_COM_IRQHandler                 0x0800020b   Thumb Code     0  startup_stm32g474xx.o(.text)
    TIM20_UP_IRQHandler                      0x0800020b   Thumb Code     0  startup_stm32g474xx.o(.text)
    TIM2_IRQHandler                          0x0800020b   Thumb Code     0  startup_stm32g474xx.o(.text)
    TIM3_IRQHandler                          0x0800020b   Thumb Code     0  startup_stm32g474xx.o(.text)
    TIM4_IRQHandler                          0x0800020b   Thumb Code     0  startup_stm32g474xx.o(.text)
    TIM5_IRQHandler                          0x0800020b   Thumb Code     0  startup_stm32g474xx.o(.text)
    TIM6_DAC_IRQHandler                      0x0800020b   Thumb Code     0  startup_stm32g474xx.o(.text)
    TIM7_DAC_IRQHandler                      0x0800020b   Thumb Code     0  startup_stm32g474xx.o(.text)
    TIM8_BRK_IRQHandler                      0x0800020b   Thumb Code     0  startup_stm32g474xx.o(.text)
    TIM8_CC_IRQHandler                       0x0800020b   Thumb Code     0  startup_stm32g474xx.o(.text)
    TIM8_TRG_COM_IRQHandler                  0x0800020b   Thumb Code     0  startup_stm32g474xx.o(.text)
    TIM8_UP_IRQHandler                       0x0800020b   Thumb Code     0  startup_stm32g474xx.o(.text)
    UART4_IRQHandler                         0x0800020b   Thumb Code     0  startup_stm32g474xx.o(.text)
    UART5_IRQHandler                         0x0800020b   Thumb Code     0  startup_stm32g474xx.o(.text)
    UCPD1_IRQHandler                         0x0800020b   Thumb Code     0  startup_stm32g474xx.o(.text)
    USART2_IRQHandler                        0x0800020b   Thumb Code     0  startup_stm32g474xx.o(.text)
    USART3_IRQHandler                        0x0800020b   Thumb Code     0  startup_stm32g474xx.o(.text)
    USBWakeUp_IRQHandler                     0x0800020b   Thumb Code     0  startup_stm32g474xx.o(.text)
    USB_HP_IRQHandler                        0x0800020b   Thumb Code     0  startup_stm32g474xx.o(.text)
    USB_LP_IRQHandler                        0x0800020b   Thumb Code     0  startup_stm32g474xx.o(.text)
    WWDG_IRQHandler                          0x0800020b   Thumb Code     0  startup_stm32g474xx.o(.text)
    __aeabi_memset                           0x08000215   Thumb Code    14  memseta.o(.text)
    __aeabi_memset4                          0x08000215   Thumb Code     0  memseta.o(.text)
    __aeabi_memset8                          0x08000215   Thumb Code     0  memseta.o(.text)
    __aeabi_memclr                           0x08000223   Thumb Code     4  memseta.o(.text)
    __aeabi_memclr4                          0x08000223   Thumb Code     0  memseta.o(.text)
    __aeabi_memclr8                          0x08000223   Thumb Code     0  memseta.o(.text)
    _memset$wrapper                          0x08000227   Thumb Code    18  memseta.o(.text)
    __aeabi_uldivmod                         0x08000239   Thumb Code    98  uldiv.o(.text)
    __scatterload                            0x0800029d   Thumb Code    28  init.o(.text)
    __scatterload_rt2                        0x0800029d   Thumb Code     0  init.o(.text)
    __aeabi_llsl                             0x080002c1   Thumb Code    30  llshl.o(.text)
    _ll_shift_l                              0x080002c1   Thumb Code     0  llshl.o(.text)
    __aeabi_llsr                             0x080002df   Thumb Code    32  llushr.o(.text)
    _ll_ushift_r                             0x080002df   Thumb Code     0  llushr.o(.text)
    BusFault_Handler                         0x080002ff   Thumb Code     2  stm32g4xx_it.o(i.BusFault_Handler)
    DebugMon_Handler                         0x08000301   Thumb Code     2  stm32g4xx_it.o(i.DebugMon_Handler)
    FnACCMTRConfigPara                       0x08000305   Thumb Code   174  accmtr.o(i.FnACCMTRConfigPara)
    FnSPI2RdWr                               0x080004c9   Thumb Code    28  main.o(i.FnSPI2RdWr)
    FnSPIXEEPROMLoadConfig                   0x080004e9   Thumb Code    48  eeprom.o(i.FnSPIXEEPROMLoadConfig)
    FnSPIXEEPROMReadBytes                    0x0800055d   Thumb Code    96  eeprom.o(i.FnSPIXEEPROMReadBytes)
    FnSPIXEEPROMReadSignature                0x080005c5   Thumb Code    10  eeprom.o(i.FnSPIXEEPROMReadSignature)
    FnSPIXEEPROMWriteBytes                   0x080005d1   Thumb Code    98  eeprom.o(i.FnSPIXEEPROMWriteBytes)
    FnSPIXEEPROMWriteSignature               0x08000639   Thumb Code    10  eeprom.o(i.FnSPIXEEPROMWriteSignature)
    FnSPIXEEPROMWriteUint32                  0x08000649   Thumb Code    10  eeprom.o(i.FnSPIXEEPROMWriteUint32)
    FnSPIXRDWR                               0x08000655   Thumb Code    28  eeprom.o(i.FnSPIXRDWR)
    FnSPIXReadStatusPage                     0x08000675   Thumb Code    34  eeprom.o(i.FnSPIXReadStatusPage)
    FnSPIXWriteEnable                        0x0800069d   Thumb Code    22  eeprom.o(i.FnSPIXWriteEnable)
    HardFault_Handler                        0x080006b3   Thumb Code     2  stm32g4xx_it.o(i.HardFault_Handler)
    LL_GPIO_Init                             0x080006fd   Thumb Code   310  stm32g4xx_ll_gpio.o(i.LL_GPIO_Init)
    LL_RCC_GetSystemClocksFreq               0x08000845   Thumb Code    32  stm32g4xx_ll_rcc.o(i.LL_RCC_GetSystemClocksFreq)
    LL_RCC_GetUARTClockFreq                  0x08000865   Thumb Code   130  stm32g4xx_ll_rcc.o(i.LL_RCC_GetUARTClockFreq)
    LL_RCC_GetUSARTClockFreq                 0x080008f5   Thumb Code   172  stm32g4xx_ll_rcc.o(i.LL_RCC_GetUSARTClockFreq)
    LL_SPI_Init                              0x080009dd   Thumb Code   118  stm32g4xx_ll_spi.o(i.LL_SPI_Init)
    LL_SetSystemCoreClock                    0x08000a55   Thumb Code     6  stm32g4xx_ll_utils.o(i.LL_SetSystemCoreClock)
    LL_USART_Init                            0x08000a61   Thumb Code   218  stm32g4xx_ll_usart.o(i.LL_USART_Init)
    MX_GPIO_Init                             0x08000b59   Thumb Code    68  main.o(i.MX_GPIO_Init)
    MX_SPI1_Init                             0x08000ba1   Thumb Code   202  main.o(i.MX_SPI1_Init)
    MX_SPI2_Init                             0x08000c71   Thumb Code   236  main.o(i.MX_SPI2_Init)
    MX_USART3_UART_Init                      0x08000d65   Thumb Code   186  main.o(i.MX_USART3_UART_Init)
    MemManage_Handler                        0x08000e29   Thumb Code     2  stm32g4xx_it.o(i.MemManage_Handler)
    NMI_Handler                              0x08000e2b   Thumb Code     2  stm32g4xx_it.o(i.NMI_Handler)
    PendSV_Handler                           0x08000e2d   Thumb Code     2  stm32g4xx_it.o(i.PendSV_Handler)
    SVC_Handler                              0x08000ef1   Thumb Code     2  stm32g4xx_it.o(i.SVC_Handler)
    SysTick_Handler                          0x08000ef3   Thumb Code     2  stm32g4xx_it.o(i.SysTick_Handler)
    SystemClock_Config                       0x08000ef5   Thumb Code   204  main.o(i.SystemClock_Config)
    SystemInit                               0x08000fdd   Thumb Code    12  system_stm32g4xx.o(i.SystemInit)
    USART1_IRQHandler                        0x08000fed   Thumb Code     2  stm32g4xx_it.o(i.USART1_IRQHandler)
    UsageFault_Handler                       0x08000fef   Thumb Code     2  stm32g4xx_it.o(i.UsageFault_Handler)
    __0printf$5                              0x08000ff1   Thumb Code    22  printf5.o(i.__0printf$5)
    __1printf$5                              0x08000ff1   Thumb Code     0  printf5.o(i.__0printf$5)
    __2printf                                0x08000ff1   Thumb Code     0  printf5.o(i.__0printf$5)
    __scatterload_copy                       0x08001011   Thumb Code    14  handlers.o(i.__scatterload_copy)
    __scatterload_null                       0x0800101f   Thumb Code     2  handlers.o(i.__scatterload_null)
    __scatterload_zeroinit                   0x08001021   Thumb Code    14  handlers.o(i.__scatterload_zeroinit)
    fputc                                    0x080012f1   Thumb Code    18  main.o(i.fputc)
    lsm6dsl_block_data_update_set            0x08001309   Thumb Code    46  lsm6dsl_reg.o(i.lsm6dsl_block_data_update_set)
    lsm6dsl_device_id_get                    0x08001337   Thumb Code    10  lsm6dsl_reg.o(i.lsm6dsl_device_id_get)
    lsm6dsl_gy_band_pass_set                 0x08001341   Thumb Code   144  lsm6dsl_reg.o(i.lsm6dsl_gy_band_pass_set)
    lsm6dsl_gy_data_rate_set                 0x080013d1   Thumb Code    46  lsm6dsl_reg.o(i.lsm6dsl_gy_data_rate_set)
    lsm6dsl_gy_full_scale_set                0x080013ff   Thumb Code    46  lsm6dsl_reg.o(i.lsm6dsl_gy_full_scale_set)
    lsm6dsl_read_reg                         0x0800142d   Thumb Code    14  lsm6dsl_reg.o(i.lsm6dsl_read_reg)
    lsm6dsl_reset_get                        0x0800143b   Thumb Code    26  lsm6dsl_reg.o(i.lsm6dsl_reset_get)
    lsm6dsl_reset_set                        0x08001455   Thumb Code    46  lsm6dsl_reg.o(i.lsm6dsl_reset_set)
    lsm6dsl_write_reg                        0x08001483   Thumb Code    14  lsm6dsl_reg.o(i.lsm6dsl_write_reg)
    lsm6dsl_xl_data_rate_set                 0x08001491   Thumb Code    46  lsm6dsl_reg.o(i.lsm6dsl_xl_data_rate_set)
    lsm6dsl_xl_filter_analog_set             0x080014bf   Thumb Code    46  lsm6dsl_reg.o(i.lsm6dsl_xl_filter_analog_set)
    lsm6dsl_xl_full_scale_set                0x080014ed   Thumb Code    46  lsm6dsl_reg.o(i.lsm6dsl_xl_full_scale_set)
    lsm6dsl_xl_lp2_bandwidth_set             0x0800151b   Thumb Code    60  lsm6dsl_reg.o(i.lsm6dsl_xl_lp2_bandwidth_set)
    main                                     0x08001559   Thumb Code   312  main.o(i.main)
    AHBPrescTable                            0x080017a8   Data          16  system_stm32g4xx.o(.constdata)
    APBPrescTable                            0x080017b8   Data           8  system_stm32g4xx.o(.constdata)
    Region$$Table$$Base                      0x08001808   Number         0  anon$$obj.o(Region$$Table)
    Region$$Table$$Limit                     0x08001828   Number         0  anon$$obj.o(Region$$Table)
    unVarConvo4                              0x20000000   Data           4  main.o(.data)
    Dummy                                    0x20000004   Data           1  eeprom.o(.data)
    SystemCoreClock                          0x20000008   Data           4  system_stm32g4xx.o(.data)
    __stdout                                 0x2000000c   Data           4  stdout.o(.data)
    stVarACCMTRVar_All                       0x20000010   Data         396  main.o(.bss)
    __initial_sp                             0x200005a0   Data           0  startup_stm32g474xx.o(STACK)



==============================================================================

Memory Map of the image

  Image Entry point : 0x080001d9

  Load Region LR_IROM1 (Base: 0x08000000, Size: 0x00001838, Max: 0x00040000, ABSOLUTE)

    Execution Region ER_IROM1 (Exec base: 0x08000000, Load base: 0x08000000, Size: 0x00001828, Max: 0x00040000, ABSOLUTE)

    Exec Addr    Load Addr    Size         Type   Attr      Idx    E Section Name        Object

    0x08000000   0x08000000   0x000001d8   Data   RO            3    RESET               startup_stm32g474xx.o
    0x080001d8   0x080001d8   0x00000000   Code   RO         2524  * .ARM.Collect$$$$00000000  mc_w.l(entry.o)
    0x080001d8   0x080001d8   0x00000004   Code   RO         2790    .ARM.Collect$$$$00000001  mc_w.l(entry2.o)
    0x080001dc   0x080001dc   0x00000004   Code   RO         2793    .ARM.Collect$$$$00000004  mc_w.l(entry5.o)
    0x080001e0   0x080001e0   0x00000000   Code   RO         2795    .ARM.Collect$$$$00000008  mc_w.l(entry7b.o)
    0x080001e0   0x080001e0   0x00000000   Code   RO         2797    .ARM.Collect$$$$0000000A  mc_w.l(entry8b.o)
    0x080001e0   0x080001e0   0x00000008   Code   RO         2798    .ARM.Collect$$$$0000000B  mc_w.l(entry9a.o)
    0x080001e8   0x080001e8   0x00000004   Code   RO         2805    .ARM.Collect$$$$0000000E  mc_w.l(entry12b.o)
    0x080001ec   0x080001ec   0x00000000   Code   RO         2800    .ARM.Collect$$$$0000000F  mc_w.l(entry10a.o)
    0x080001ec   0x080001ec   0x00000000   Code   RO         2802    .ARM.Collect$$$$00000011  mc_w.l(entry11a.o)
    0x080001ec   0x080001ec   0x00000004   Code   RO         2791    .ARM.Collect$$$$00002712  mc_w.l(entry2.o)
    0x080001f0   0x080001f0   0x00000024   Code   RO            4    .text               startup_stm32g474xx.o
    0x08000214   0x08000214   0x00000024   Code   RO         2527    .text               mc_w.l(memseta.o)
    0x08000238   0x08000238   0x00000062   Code   RO         2809    .text               mc_w.l(uldiv.o)
    0x0800029a   0x0800029a   0x00000002   PAD
    0x0800029c   0x0800029c   0x00000024   Code   RO         2822    .text               mc_w.l(init.o)
    0x080002c0   0x080002c0   0x0000001e   Code   RO         2824    .text               mc_w.l(llshl.o)
    0x080002de   0x080002de   0x00000020   Code   RO         2826    .text               mc_w.l(llushr.o)
    0x080002fe   0x080002fe   0x00000002   Code   RO          221    i.BusFault_Handler  stm32g4xx_it.o
    0x08000300   0x08000300   0x00000002   Code   RO          222    i.DebugMon_Handler  stm32g4xx_it.o
    0x08000302   0x08000302   0x00000002   PAD
    0x08000304   0x08000304   0x00000114   Code   RO          331    i.FnACCMTRConfigPara  accmtr.o
    0x08000418   0x08000418   0x00000058   Code   RO          333    i.FnACCMTRPlatformRead  accmtr.o
    0x08000470   0x08000470   0x00000058   Code   RO          334    i.FnACCMTRPlatformWrite  accmtr.o
    0x080004c8   0x080004c8   0x00000020   Code   RO           15    i.FnSPI2RdWr        main.o
    0x080004e8   0x080004e8   0x00000074   Code   RO         1807    i.FnSPIXEEPROMLoadConfig  eeprom.o
    0x0800055c   0x0800055c   0x00000068   Code   RO         1808    i.FnSPIXEEPROMReadBytes  eeprom.o
    0x080005c4   0x080005c4   0x0000000a   Code   RO         1811    i.FnSPIXEEPROMReadSignature  eeprom.o
    0x080005ce   0x080005ce   0x00000002   PAD
    0x080005d0   0x080005d0   0x00000068   Code   RO         1815    i.FnSPIXEEPROMWriteBytes  eeprom.o
    0x08000638   0x08000638   0x00000010   Code   RO         1818    i.FnSPIXEEPROMWriteSignature  eeprom.o
    0x08000648   0x08000648   0x0000000a   Code   RO         1820    i.FnSPIXEEPROMWriteUint32  eeprom.o
    0x08000652   0x08000652   0x00000002   PAD
    0x08000654   0x08000654   0x00000020   Code   RO         1822    i.FnSPIXRDWR        eeprom.o
    0x08000674   0x08000674   0x00000028   Code   RO         1823    i.FnSPIXReadStatusPage  eeprom.o
    0x0800069c   0x0800069c   0x00000016   Code   RO         1825    i.FnSPIXWriteEnable  eeprom.o
    0x080006b2   0x080006b2   0x00000002   Code   RO          223    i.HardFault_Handler  stm32g4xx_it.o
    0x080006b4   0x080006b4   0x00000018   Code   RO           16    i.LL_AHB2_GRP1_EnableClock  main.o
    0x080006cc   0x080006cc   0x00000018   Code   RO           17    i.LL_APB1_GRP1_EnableClock  main.o
    0x080006e4   0x080006e4   0x00000018   Code   RO           18    i.LL_APB2_GRP1_EnableClock  main.o
    0x080006fc   0x080006fc   0x00000136   Code   RO         2075    i.LL_GPIO_Init      stm32g4xx_ll_gpio.o
    0x08000832   0x08000832   0x00000002   PAD
    0x08000834   0x08000834   0x00000010   Code   RO           19    i.LL_RCC_GetSysClkSource  main.o
    0x08000844   0x08000844   0x00000020   Code   RO         2341    i.LL_RCC_GetSystemClocksFreq  stm32g4xx_ll_rcc.o
    0x08000864   0x08000864   0x00000090   Code   RO         2342    i.LL_RCC_GetUARTClockFreq  stm32g4xx_ll_rcc.o
    0x080008f4   0x080008f4   0x000000b4   Code   RO         2343    i.LL_RCC_GetUSARTClockFreq  stm32g4xx_ll_rcc.o
    0x080009a8   0x080009a8   0x00000010   Code   RO         2345    i.LL_RCC_HSI_IsReady  stm32g4xx_ll_rcc.o
    0x080009b8   0x080009b8   0x00000010   Code   RO         2346    i.LL_RCC_LSE_IsReady  stm32g4xx_ll_rcc.o
    0x080009c8   0x080009c8   0x00000014   Code   RO           20    i.LL_RCC_SetAHBPrescaler  main.o
    0x080009dc   0x080009dc   0x00000076   Code   RO         2129    i.LL_SPI_Init       stm32g4xx_ll_spi.o
    0x08000a52   0x08000a52   0x00000002   PAD
    0x08000a54   0x08000a54   0x0000000c   Code   RO         1951    i.LL_SetSystemCoreClock  stm32g4xx_ll_utils.o
    0x08000a60   0x08000a60   0x000000f8   Code   RO         2271    i.LL_USART_Init     stm32g4xx_ll_usart.o
    0x08000b58   0x08000b58   0x00000048   Code   RO           21    i.MX_GPIO_Init      main.o
    0x08000ba0   0x08000ba0   0x000000d0   Code   RO           22    i.MX_SPI1_Init      main.o
    0x08000c70   0x08000c70   0x000000f4   Code   RO           23    i.MX_SPI2_Init      main.o
    0x08000d64   0x08000d64   0x000000c4   Code   RO           25    i.MX_USART3_UART_Init  main.o
    0x08000e28   0x08000e28   0x00000002   Code   RO          224    i.MemManage_Handler  stm32g4xx_it.o
    0x08000e2a   0x08000e2a   0x00000002   Code   RO          225    i.NMI_Handler       stm32g4xx_it.o
    0x08000e2c   0x08000e2c   0x00000002   Code   RO          226    i.PendSV_Handler    stm32g4xx_it.o
    0x08000e2e   0x08000e2e   0x00000002   PAD
    0x08000e30   0x08000e30   0x00000020   Code   RO         2348    i.RCC_GetHCLKClockFreq  stm32g4xx_ll_rcc.o
    0x08000e50   0x08000e50   0x00000020   Code   RO         2349    i.RCC_GetPCLK1ClockFreq  stm32g4xx_ll_rcc.o
    0x08000e70   0x08000e70   0x00000020   Code   RO         2350    i.RCC_GetPCLK2ClockFreq  stm32g4xx_ll_rcc.o
    0x08000e90   0x08000e90   0x00000060   Code   RO         2351    i.RCC_GetSystemClockFreq  stm32g4xx_ll_rcc.o
    0x08000ef0   0x08000ef0   0x00000002   Code   RO          227    i.SVC_Handler       stm32g4xx_it.o
    0x08000ef2   0x08000ef2   0x00000002   Code   RO          228    i.SysTick_Handler   stm32g4xx_it.o
    0x08000ef4   0x08000ef4   0x000000e8   Code   RO           26    i.SystemClock_Config  main.o
    0x08000fdc   0x08000fdc   0x00000010   Code   RO         2490    i.SystemInit        system_stm32g4xx.o
    0x08000fec   0x08000fec   0x00000002   Code   RO          229    i.USART1_IRQHandler  stm32g4xx_it.o
    0x08000fee   0x08000fee   0x00000002   Code   RO          230    i.UsageFault_Handler  stm32g4xx_it.o
    0x08000ff0   0x08000ff0   0x00000020   Code   RO         2662    i.__0printf$5       mc_w.l(printf5.o)
    0x08001010   0x08001010   0x0000000e   Code   RO         2834    i.__scatterload_copy  mc_w.l(handlers.o)
    0x0800101e   0x0800101e   0x00000002   Code   RO         2835    i.__scatterload_null  mc_w.l(handlers.o)
    0x08001020   0x08001020   0x0000000e   Code   RO         2836    i.__scatterload_zeroinit  mc_w.l(handlers.o)
    0x0800102e   0x0800102e   0x00000002   PAD
    0x08001030   0x08001030   0x000002c0   Code   RO         2669    i._printf_core      mc_w.l(printf5.o)
    0x080012f0   0x080012f0   0x00000018   Code   RO           27    i.fputc             main.o
    0x08001308   0x08001308   0x0000002e   Code   RO          401    i.lsm6dsl_block_data_update_set  lsm6dsl_reg.o
    0x08001336   0x08001336   0x0000000a   Code   RO          420    i.lsm6dsl_device_id_get  lsm6dsl_reg.o
    0x08001340   0x08001340   0x00000090   Code   RO          457    i.lsm6dsl_gy_band_pass_set  lsm6dsl_reg.o
    0x080013d0   0x080013d0   0x0000002e   Code   RO          459    i.lsm6dsl_gy_data_rate_set  lsm6dsl_reg.o
    0x080013fe   0x080013fe   0x0000002e   Code   RO          462    i.lsm6dsl_gy_full_scale_set  lsm6dsl_reg.o
    0x0800142c   0x0800142c   0x0000000e   Code   RO          510    i.lsm6dsl_read_reg  lsm6dsl_reg.o
    0x0800143a   0x0800143a   0x0000001a   Code   RO          511    i.lsm6dsl_reset_get  lsm6dsl_reg.o
    0x08001454   0x08001454   0x0000002e   Code   RO          512    i.lsm6dsl_reset_set  lsm6dsl_reg.o
    0x08001482   0x08001482   0x0000000e   Code   RO          593    i.lsm6dsl_write_reg  lsm6dsl_reg.o
    0x08001490   0x08001490   0x0000002e   Code   RO          595    i.lsm6dsl_xl_data_rate_set  lsm6dsl_reg.o
    0x080014be   0x080014be   0x0000002e   Code   RO          597    i.lsm6dsl_xl_filter_analog_set  lsm6dsl_reg.o
    0x080014ec   0x080014ec   0x0000002e   Code   RO          600    i.lsm6dsl_xl_full_scale_set  lsm6dsl_reg.o
    0x0800151a   0x0800151a   0x0000003c   Code   RO          608    i.lsm6dsl_xl_lp2_bandwidth_set  lsm6dsl_reg.o
    0x08001556   0x08001556   0x00000002   PAD
    0x08001558   0x08001558   0x00000220   Code   RO           28    i.main              main.o
    0x08001778   0x08001778   0x00000030   Data   RO         2273    .constdata          stm32g4xx_ll_usart.o
    0x080017a8   0x080017a8   0x00000010   Data   RO         2491    .constdata          system_stm32g4xx.o
    0x080017b8   0x080017b8   0x00000008   Data   RO         2492    .constdata          system_stm32g4xx.o
    0x080017c0   0x080017c0   0x00000047   Data   RO         1827    .conststring        eeprom.o
    0x08001807   0x08001807   0x00000001   PAD
    0x08001808   0x08001808   0x00000020   Data   RO         2832    Region$$Table       anon$$obj.o


    Execution Region RW_IRAM1 (Exec base: 0x20000000, Load base: 0x08001828, Size: 0x000005a0, Max: 0x00020000, ABSOLUTE)

    Exec Addr    Load Addr    Size         Type   Attr      Idx    E Section Name        Object

    0x20000000   0x08001828   0x00000004   Data   RW           30    .data               main.o
    0x20000004   0x0800182c   0x00000001   Data   RW         1828    .data               eeprom.o
    0x20000005   0x0800182d   0x00000003   PAD
    0x20000008   0x08001830   0x00000004   Data   RW         2493    .data               system_stm32g4xx.o
    0x2000000c   0x08001834   0x00000004   Data   RW         2806    .data               mc_w.l(stdout.o)
    0x20000010        -       0x0000018c   Zero   RW           29    .bss                main.o
    0x2000019c   0x08001838   0x00000004   PAD
    0x200001a0        -       0x00000400   Zero   RW            1    STACK               startup_stm32g474xx.o


==============================================================================

Image component sizes


      Code (inc. data)   RO Data    RW Data    ZI Data      Debug   Object Name

       452        112          0          0          0      15817   accmtr.o
       454         98         71          1          0       7041   eeprom.o
       590          0          0          0          0      10040   lsm6dsl_reg.o
      1660        328          0          4        396     815784   main.o
        36          8        472          0       1024        868   startup_stm32g474xx.o
        20          0          0          0          0       6459   stm32g4xx_it.o
       310          0          0          0          0       7427   stm32g4xx_ll_gpio.o
       580         66          0          0          0      30842   stm32g4xx_ll_rcc.o
       118          0          0          0          0      17318   stm32g4xx_ll_spi.o
       248         30         48          0          0      26720   stm32g4xx_ll_usart.o
        12          6          0          0          0       6216   stm32g4xx_ll_utils.o
        16          4         24          4          0       1223   system_stm32g4xx.o

    ----------------------------------------------------------------------
      4510        652        648         12       1424     945755   Object Totals
         0          0         32          0          0          0   (incl. Generated)
        14          0          1          3          4          0   (incl. Padding)

    ----------------------------------------------------------------------

      Code (inc. data)   RO Data    RW Data    ZI Data      Debug   Library Member Name

         0          0          0          0          0          0   entry.o
         0          0          0          0          0          0   entry10a.o
         0          0          0          0          0          0   entry11a.o
         4          0          0          0          0          0   entry12b.o
         8          4          0          0          0          0   entry2.o
         4          0          0          0          0          0   entry5.o
         0          0          0          0          0          0   entry7b.o
         0          0          0          0          0          0   entry8b.o
         8          4          0          0          0          0   entry9a.o
        30          0          0          0          0          0   handlers.o
        36          8          0          0          0         68   init.o
        30          0          0          0          0         68   llshl.o
        32          0          0          0          0         68   llushr.o
        36          0          0          0          0        108   memseta.o
       736         54          0          0          0        184   printf5.o
         0          0          0          4          0          0   stdout.o
        98          0          0          0          0         92   uldiv.o

    ----------------------------------------------------------------------
      1026         70          0          4          0        588   Library Totals
         4          0          0          0          0          0   (incl. Padding)

    ----------------------------------------------------------------------

      Code (inc. data)   RO Data    RW Data    ZI Data      Debug   Library Name

      1022         70          0          4          0        588   mc_w.l

    ----------------------------------------------------------------------
      1026         70          0          4          0        588   Library Totals

    ----------------------------------------------------------------------

==============================================================================


      Code (inc. data)   RO Data    RW Data    ZI Data      Debug   

      5536        722        648         16       1424     940739   Grand Totals
      5536        722        648         16       1424     940739   ELF Image Totals
      5536        722        648         16          0          0   ROM Totals

==============================================================================

    Total RO  Size (Code + RO Data)                 6184 (   6.04kB)
    Total RW  Size (RW Data + ZI Data)              1440 (   1.41kB)
    Total ROM Size (Code + RO Data + RW Data)       6200 (   6.05kB)

==============================================================================

